<html>
<body>
<pre>
<h1>礦ision Build Log</h1>
<h2>Tool Versions:</h2>
IDE-Version: μVision V5.38.0.0
Copyright (C) 2022 ARM Ltd and ARM Germany GmbH. All rights reserved.
License Information: h h, h, LIC=ZB4EI-TLFDT-FWM2N-Y8GR6-GQ96E-RU0HZ
 
Tool Versions:
Toolchain:       MDK-ARM Plus  Version: 5.38.0.0
Toolchain Path:  C:\Keil_v5\ARM\ARMCLANG\Bin
C Compiler:      Armcc.exe V5.06 update 7 (build 960)
Assembler:       Armasm.exe V5.06 update 7 (build 960)
Linker/Locator:  ArmLink.exe V5.06 update 7 (build 960)
Library Manager: ArmAr.exe V5.06 update 7 (build 960)
Hex Converter:   FromElf.exe V5.06 update 7 (build 960)
CPU DLL:         SARMCM3.DLL V5.38.0.0
Dialog DLL:      DCM.DLL V1.17.5.0
Target DLL:      STLink\ST-LINKIII-KEIL_SWO.dll V3.1.0.0
Dialog DLL:      TCM.DLL V1.56.4.0
 
<h2>Project:</h2>
C:\Users\huqiu\Desktop\智能灌溉\资料\代码\智能灌溉\USER\工程文件.uvprojx
Project File Date:  01/03/2024

<h2>Output:</h2>
*** Using Compiler 'V5.06 update 7 (build 960)', folder: 'C:\Keil_v5\ARM\ARMCLANG\Bin'
Build target '工程'
compiling usart1.c...
compiling main.c...
compiling usart2.c...
compiling delay.c...
compiling led.c...
compiling key.c...
..\HARDWARE\scr\key.c(152): warning:  #111-D: statement is unreachable
                  break;
..\HARDWARE\scr\key.c: 1 warning, 0 errors
compiling total_wifi.c...
compiling adc.c...
..\HARDWARE\scr\adc.c(68): warning:  #1-D: last line of file ends without a newline
  } 	 
..\HARDWARE\scr\adc.c: 1 warning, 0 errors
compiling timer3_ping.c...
compiling pub_sub_message.c...
..\HARDWARE\scr\pub_sub_message.c(22): warning:  #1293-D: assignment in condition
      if(star_sp = strstr((char *)MQTT_CMDOutPtr + 2, (char *)"params")) //app下发数据---定位得到标识符前面的字符 ，用于求出标识符有多大
..\HARDWARE\scr\pub_sub_message.c: 1 warning, 0 errors
compiling DHT11.c...
compiling oled.c...
..\HARDWARE\scr\oled.c(180): warning:  #186-D: pointless comparison of unsigned integer with zero
      if((x1 < 0) || (x2 > 128) || (y1 < 0) || (y2 > 64) || (x1 > x2) || (y1 > y2))return;
..\HARDWARE\scr\oled.c(180): warning:  #186-D: pointless comparison of unsigned integer with zero
      if((x1 < 0) || (x2 > 128) || (y1 < 0) || (y2 > 64) || (x1 > x2) || (y1 > y2))return;
..\HARDWARE\scr\oled.c(179): warning:  #177-D: variable "y0"  was declared but never referenced
      u8 i, k, k1, k2, y0;
..\HARDWARE\scr\oled.c(389): warning:  #167-D: argument of type "unsigned char *" is incompatible with parameter of type "char *restrict"
  		sprintf(temp,"%.1f",num);
..\HARDWARE\scr\oled.c(649): warning:  #1-D: last line of file ends without a newline
  }
..\HARDWARE\scr\oled.c: 5 warnings, 0 errors
compiling show.c...
compiling bsp_time2_PWM.c...
..\HARDWARE\scr\bsp_time2_PWM.c(89): warning:  #1-D: last line of file ends without a newline
  }
..\HARDWARE\scr\bsp_time2_PWM.c: 1 warning, 0 errors
compiling system_stm32f10x.c...
compiling ctrl.c...
compiling stm32f10x_it.c...
compiling misc.c...
compiling stm32f10x_rcc.c...
compiling stm32f10x_tim.c...
compiling stm32f10x_usart.c...
compiling utils_hmac.c...
compiling stm32f10x_exti.c...
compiling stm32f10x_adc.c...
compiling stm32f10x_dma.c...
compiling utils_md5.c...
compiling utils_sha1.c...
compiling stm32f10x_gpio.c...
compiling stm32f10x_iwdg.c...
assembling startup_stm32f10x_hd.s...
compiling core_cm3.c...
compiling sys.c...
linking...
Program Size: Code=39306 RO-data=13734 RW-data=168 ZI-data=13152  
FromELF: creating hex file...
"..\OBJ\工程文件.axf" - 0 Error(s), 9 Warning(s).

<h2>Software Packages used:</h2>

Package Vendor: Keil
                http://www.keil.com/pack/Keil.STM32F1xx_DFP.1.1.0.pack
                Keil.STM32F1xx_DFP.1.1.0
                STMicroelectronics STM32F1 Series Device Support, Drivers and Examples

<h2>Collection of Component include folders:</h2>
  C:/Users/huqiu/AppData/Local/Arm/Packs/Keil/STM32F1xx_DFP/1.1.0/Device/Include

<h2>Collection of Component Files used:</h2>
Build Time Elapsed:  00:00:16
</pre>
</body>
</html>
