Component: ARM Compiler 5.06 update 7 (build 960) Tool: armlink [4d3601]

==============================================================================

Section Cross References

    main.o(i.main) refers to delay.o(i.Delay_Init) for Delay_Init
    main.o(i.main) refers to usart1.o(i.Usart1_Init) for Usart1_Init
    main.o(i.main) refers to led.o(i.LED_Init) for LED_Init
    main.o(i.main) refers to key.o(i.KEY_Init) for KEY_Init
    main.o(i.main) refers to total_wifi.o(i.WiFi_ResetIO_Init) for WiFi_ResetIO_Init
    main.o(i.main) refers to total_wifi.o(i.AliIoT_Parameter_Init) for AliIoT_Parameter_Init
    main.o(i.main) refers to oled.o(i.OLED_Init) for OLED_Init
    main.o(i.main) refers to key.o(i.KEY_Exti_Init) for KEY_Exti_Init
    main.o(i.main) refers to dht11.o(i.DHT11_Init) for DHT11_Init
    main.o(i.main) refers to adc.o(i.Adc_Init) for Adc_Init
    main.o(i.main) refers to bsp_time2_pwm.o(i.TIME2_PWM_Init_10MS) for TIME2_PWM_Init_10MS
    main.o(i.main) refers to stm32f10x_usart.o(i.USART_Cmd) for USART_Cmd
    main.o(i.main) refers to show.o(i.Cut_screen) for Cut_screen
    main.o(i.main) refers to stm32f10x_tim.o(i.TIM_SetCompare2) for TIM_SetCompare2
    main.o(i.main) refers to adc.o(i.Get_Adc_Average) for Get_Adc_Average
    main.o(i.main) refers to dflt_clz.o(x$fpl$dfltu) for __aeabi_ui2d
    main.o(i.main) refers to dmul.o(x$fpl$dmul) for __aeabi_dmul
    main.o(i.main) refers to ddiv.o(x$fpl$ddiv) for __aeabi_ddiv
    main.o(i.main) refers to dfix.o(x$fpl$dfix) for __aeabi_d2iz
    main.o(i.main) refers to dht11.o(i.DHT11_Read_Data) for DHT11_Read_Data
    main.o(i.main) refers to ctrl.o(i.ctrl_data) for ctrl_data
    main.o(i.main) refers to total_wifi.o(i.Connect_server) for Connect_server
    main.o(i.main) refers to show.o(.data) for wifi_connect
    main.o(i.main) refers to bsp_time2_pwm.o(.data) for SystemTimer
    main.o(i.main) refers to total_wifi.o(.data) for Connect_flag
    main.o(i.main) refers to main.o(.data) for adc_trang
    main.o(i.main) refers to dht11.o(.data) for humi
    delay.o(i.Delay_Init) refers to misc.o(i.SysTick_CLKSourceConfig) for SysTick_CLKSourceConfig
    usart1.o(i.Usart1_Init) refers to stm32f10x_rcc.o(i.RCC_APB2PeriphClockCmd) for RCC_APB2PeriphClockCmd
    usart1.o(i.Usart1_Init) refers to stm32f10x_gpio.o(i.GPIO_Init) for GPIO_Init
    usart1.o(i.Usart1_Init) refers to stm32f10x_usart.o(i.USART_Init) for USART_Init
    usart1.o(i.Usart1_Init) refers to stm32f10x_usart.o(i.USART_Cmd) for USART_Cmd
    usart1.o(i.u1_printf) refers to vsprintf.o(.text) for vsprintf
    usart1.o(i.u1_printf) refers to strlen.o(.text) for strlen
    usart1.o(i.u1_printf) refers to usart1.o(.bss) for Usart1_TxBuff
    usart2.o(i.DMA1_Channel7_IRQHandler) refers to stm32f10x_dma.o(i.DMA_GetITStatus) for DMA_GetITStatus
    usart2.o(i.DMA1_Channel7_IRQHandler) refers to stm32f10x_dma.o(i.DMA_ClearITPendingBit) for DMA_ClearITPendingBit
    usart2.o(i.DMA1_Channel7_IRQHandler) refers to stm32f10x_dma.o(i.DMA_Cmd) for DMA_Cmd
    usart2.o(i.DMA1_Channel7_IRQHandler) refers to usart2.o(.data) for DMA_flag
    usart2.o(i.USART2_IRQHandler) refers to stm32f10x_usart.o(i.USART_GetITStatus) for USART_GetITStatus
    usart2.o(i.USART2_IRQHandler) refers to stm32f10x_dma.o(i.DMA_Cmd) for DMA_Cmd
    usart2.o(i.USART2_IRQHandler) refers to stm32f10x_dma.o(i.DMA_GetCurrDataCounter) for DMA_GetCurrDataCounter
    usart2.o(i.USART2_IRQHandler) refers to rt_memcpy_v6.o(.text) for __aeabi_memcpy
    usart2.o(i.USART2_IRQHandler) refers to total_wifi.o(.data) for Connect_flag
    usart2.o(i.USART2_IRQHandler) refers to usart2.o(.bss) for Usart2_RxBuff
    usart2.o(i.USART2_IRQHandler) refers to usart2.o(.data) for Usart2_RxCounter
    usart2.o(i.USART2_IRQHandler) refers to total_wifi.o(.bss) for MQTT_RxDataBuf
    usart2.o(i.Usart2DMA_init) refers to stm32f10x_rcc.o(i.RCC_AHBPeriphClockCmd) for RCC_AHBPeriphClockCmd
    usart2.o(i.Usart2DMA_init) refers to stm32f10x_dma.o(i.DMA_Init) for DMA_Init
    usart2.o(i.Usart2DMA_init) refers to stm32f10x_dma.o(i.DMA_Cmd) for DMA_Cmd
    usart2.o(i.Usart2DMA_init) refers to stm32f10x_dma.o(i.DMA_ClearITPendingBit) for DMA_ClearITPendingBit
    usart2.o(i.Usart2DMA_init) refers to stm32f10x_dma.o(i.DMA_ITConfig) for DMA_ITConfig
    usart2.o(i.Usart2DMA_init) refers to misc.o(i.NVIC_Init) for NVIC_Init
    usart2.o(i.Usart2DMA_init) refers to usart2.o(.bss) for Usart2_RxBuff
    usart2.o(i.Usart2DMA_init) refers to total_wifi.o(.data) for MQTT_TxDataOutPtr
    usart2.o(i.Usart2_IDELInit) refers to misc.o(i.NVIC_PriorityGroupConfig) for NVIC_PriorityGroupConfig
    usart2.o(i.Usart2_IDELInit) refers to stm32f10x_usart.o(i.USART_DeInit) for USART_DeInit
    usart2.o(i.Usart2_IDELInit) refers to stm32f10x_rcc.o(i.RCC_APB1PeriphClockCmd) for RCC_APB1PeriphClockCmd
    usart2.o(i.Usart2_IDELInit) refers to stm32f10x_rcc.o(i.RCC_APB2PeriphClockCmd) for RCC_APB2PeriphClockCmd
[...]
    Reset_Handler                            0x08000279   Thumb Code     8  startup_stm32f10x_hd.o(.text)
    ADC1_2_IRQHandler                        0x08000293   Thumb Code     0  startup_stm32f10x_hd.o(.text)
    ADC3_IRQHandler                          0x08000293   Thumb Code     0  startup_stm32f10x_hd.o(.text)
    CAN1_RX1_IRQHandler                      0x08000293   Thumb Code     0  startup_stm32f10x_hd.o(.text)
    CAN1_SCE_IRQHandler                      0x08000293   Thumb Code     0  startup_stm32f10x_hd.o(.text)
    DMA1_Channel1_IRQHandler                 0x08000293   Thumb Code     0  startup_stm32f10x_hd.o(.text)
    DMA1_Channel2_IRQHandler                 0x08000293   Thumb Code     0  startup_stm32f10x_hd.o(.text)
    DMA1_Channel3_IRQHandler                 0x08000293   Thumb Code     0  startup_stm32f10x_hd.o(.text)
    DMA1_Channel4_IRQHandler                 0x08000293   Thumb Code     0  startup_stm32f10x_hd.o(.text)
    DMA1_Channel5_IRQHandler                 0x08000293   Thumb Code     0  startup_stm32f10x_hd.o(.text)
    DMA1_Channel6_IRQHandler                 0x08000293   Thumb Code     0  startup_stm32f10x_hd.o(.text)
    DMA2_Channel1_IRQHandler                 0x08000293   Thumb Code     0  startup_stm32f10x_hd.o(.text)
    DMA2_Channel2_IRQHandler                 0x08000293   Thumb Code     0  startup_stm32f10x_hd.o(.text)
    DMA2_Channel3_IRQHandler                 0x08000293   Thumb Code     0  startup_stm32f10x_hd.o(.text)
    DMA2_Channel4_5_IRQHandler               0x08000293   Thumb Code     0  startup_stm32f10x_hd.o(.text)
    EXTI0_IRQHandler                         0x08000293   Thumb Code     0  startup_stm32f10x_hd.o(.text)
    EXTI15_10_IRQHandler                     0x08000293   Thumb Code     0  startup_stm32f10x_hd.o(.text)
    EXTI1_IRQHandler                         0x08000293   Thumb Code     0  startup_stm32f10x_hd.o(.text)
    EXTI2_IRQHandler                         0x08000293   Thumb Code     0  startup_stm32f10x_hd.o(.text)
    FLASH_IRQHandler                         0x08000293   Thumb Code     0  startup_stm32f10x_hd.o(.text)
    FSMC_IRQHandler                          0x08000293   Thumb Code     0  startup_stm32f10x_hd.o(.text)
    I2C1_ER_IRQHandler                       0x08000293   Thumb Code     0  startup_stm32f10x_hd.o(.text)
    I2C1_EV_IRQHandler                       0x08000293   Thumb Code     0  startup_stm32f10x_hd.o(.text)
    I2C2_ER_IRQHandler                       0x08000293   Thumb Code     0  startup_stm32f10x_hd.o(.text)
    I2C2_EV_IRQHandler                       0x08000293   Thumb Code     0  startup_stm32f10x_hd.o(.text)
    PVD_IRQHandler                           0x08000293   Thumb Code     0  startup_stm32f10x_hd.o(.text)
    RCC_IRQHandler                           0x08000293   Thumb Code     0  startup_stm32f10x_hd.o(.text)
    RTCAlarm_IRQHandler                      0x08000293   Thumb Code     0  startup_stm32f10x_hd.o(.text)
    RTC_IRQHandler                           0x08000293   Thumb Code     0  startup_stm32f10x_hd.o(.text)
    SDIO_IRQHandler                          0x08000293   Thumb Code     0  startup_stm32f10x_hd.o(.text)
    SPI1_IRQHandler                          0x08000293   Thumb Code     0  startup_stm32f10x_hd.o(.text)
    SPI2_IRQHandler                          0x08000293   Thumb Code     0  startup_stm32f10x_hd.o(.text)
    SPI3_IRQHandler                          0x08000293   Thumb Code     0  startup_stm32f10x_hd.o(.text)
    TAMPER_IRQHandler                        0x08000293   Thumb Code     0  startup_stm32f10x_hd.o(.text)
    TIM1_BRK_IRQHandler                      0x08000293   Thumb Code     0  startup_stm32f10x_hd.o(.text)
    TIM1_CC_IRQHandler                       0x08000293   Thumb Code     0  startup_stm32f10x_hd.o(.text)
    TIM1_TRG_COM_IRQHandler                  0x08000293   Thumb Code     0  startup_stm32f10x_hd.o(.text)
    TIM1_UP_IRQHandler                       0x08000293   Thumb Code     0  startup_stm32f10x_hd.o(.text)
    TIM4_IRQHandler                          0x08000293   Thumb Code     0  startup_stm32f10x_hd.o(.text)
    TIM5_IRQHandler                          0x08000293   Thumb Code     0  startup_stm32f10x_hd.o(.text)
    TIM6_IRQHandler                          0x08000293   Thumb Code     0  startup_stm32f10x_hd.o(.text)
    TIM7_IRQHandler                          0x08000293   Thumb Code     0  startup_stm32f10x_hd.o(.text)
    TIM8_BRK_IRQHandler                      0x08000293   Thumb Code     0  startup_stm32f10x_hd.o(.text)
    TIM8_CC_IRQHandler                       0x08000293   Thumb Code     0  startup_stm32f10x_hd.o(.text)
    TIM8_TRG_COM_IRQHandler                  0x08000293   Thumb Code     0  startup_stm32f10x_hd.o(.text)
    TIM8_UP_IRQHandler                       0x08000293   Thumb Code     0  startup_stm32f10x_hd.o(.text)
    UART4_IRQHandler                         0x08000293   Thumb Code     0  startup_stm32f10x_hd.o(.text)
    UART5_IRQHandler                         0x08000293   Thumb Code     0  startup_stm32f10x_hd.o(.text)
    USART1_IRQHandler                        0x08000293   Thumb Code     0  startup_stm32f10x_hd.o(.text)
    USART3_IRQHandler                        0x08000293   Thumb Code     0  startup_stm32f10x_hd.o(.text)
    USBWakeUp_IRQHandler                     0x08000293   Thumb Code     0  startup_stm32f10x_hd.o(.text)
    USB_HP_CAN1_TX_IRQHandler                0x08000293   Thumb Code     0  startup_stm32f10x_hd.o(.text)
    USB_LP_CAN1_RX0_IRQHandler               0x08000293   Thumb Code     0  startup_stm32f10x_hd.o(.text)
    WWDG_IRQHandler                          0x08000293   Thumb Code     0  startup_stm32f10x_hd.o(.text)
    __user_initial_stackheap                 0x08000295   Thumb Code     0  startup_stm32f10x_hd.o(.text)
    vsprintf                                 0x080002b9   Thumb Code    32  vsprintf.o(.text)
    __2sprintf                               0x080002dd   Thumb Code    38  __2sprintf.o(.text)
    _printf_str                              0x08000309   Thumb Code    82  _printf_str.o(.text)
    _printf_int_dec                          0x0800035d   Thumb Code   104  _printf_dec.o(.text)
    __printf                                 0x080003d5   Thumb Code   388  __printf_flags_ss_wp.o(.text)
    strstr                                   0x0800055d   Thumb Code    36  strstr.o(.text)
    strlen                                   0x08000581   Thumb Code    62  strlen.o(.text)
    __aeabi_memcpy                           0x080005bf   Thumb Code     0  rt_memcpy_v6.o(.text)
    __rt_memcpy                              0x080005bf   Thumb Code   138  rt_memcpy_v6.o(.text)
    _memcpy_lastbytes                        0x08000625   Thumb Code     0  rt_memcpy_v6.o(.text)
    __aeabi_memcpy4                          0x08000649   Thumb Code     0  rt_memcpy_w.o(.text)
    __aeabi_memcpy8                          0x08000649   Thumb Code     0  rt_memcpy_w.o(.text)
    __rt_memcpy_w                            0x08000649   Thumb Code   100  rt_memcpy_w.o(.text)
    _memcpy_lastbytes_aligned                0x08000691   Thumb Code     0  rt_memcpy_w.o(.text)
    __aeabi_memclr                           0x080006ad   Thumb Code     0  rt_memclr.o(.text)
    __rt_memclr                              0x080006ad   Thumb Code    68  rt_memclr.o(.text)
    _memset                                  0x080006b1   Thumb Code     0  rt_memclr.o(.text)
    __aeabi_memclr4                          0x080006f1   Thumb Code     0  rt_memclr_w.o(.text)
    __aeabi_memclr8                          0x080006f1   Thumb Code     0  rt_memclr_w.o(.text)
    __rt_memclr_w                            0x080006f1   Thumb Code    78  rt_memclr_w.o(.text)
    _memset_w                                0x080006f5   Thumb Code     0  rt_memclr_w.o(.text)
    strcmp                                   0x08000741   Thumb Code   128  strcmpv7m.o(.text)
    __use_two_region_memory                  0x080007c1   Thumb Code     2  heapauxi.o(.text)
    __rt_heap_escrow$2region                 0x080007c3   Thumb Code     2  heapauxi.o(.text)
    __rt_heap_expand$2region                 0x080007c5   Thumb Code     2  heapauxi.o(.text)
    _printf_pre_padding                      0x080007c7   Thumb Code    44  _printf_pad.o(.text)
    _printf_post_padding                     0x080007f3   Thumb Code    34  _printf_pad.o(.text)
    _printf_truncate_signed                  0x08000815   Thumb Code    18  _printf_truncate.o(.text)
    _printf_truncate_unsigned                0x08000827   Thumb Code    18  _printf_truncate.o(.text)
    _printf_int_common                       0x08000839   Thumb Code   178  _printf_intcommon.o(.text)
    _printf_charcount                        0x080008eb   Thumb Code    40  _printf_charcount.o(.text)
    __lib_sel_fp_printf                      0x08000913   Thumb Code     2  _printf_fp_dec.o(.text)
    _printf_fp_dec_real                      0x08000ac5   Thumb Code   620  _printf_fp_dec.o(.text)
    _printf_char_common                      0x08000d3b   Thumb Code    32  _printf_char_common.o(.text)
    _sputc                                   0x08000d61   Thumb Code    10  _sputc.o(.text)
    _printf_cs_common                        0x08000d6b   Thumb Code    20  _printf_char.o(.text)
    _printf_char                             0x08000d7f   Thumb Code    16  _printf_char.o(.text)
    _printf_string                           0x08000d8f   Thumb Code     8  _printf_char.o(.text)
    _printf_wctomb                           0x08000d99   Thumb Code   182  _printf_wctomb.o(.text)
    _printf_longlong_dec                     0x08000e55   Thumb Code   108  _printf_longlong_dec.o(.text)
    _printf_longlong_oct                     0x08000ed1   Thumb Code    66  _printf_oct_int_ll.o(.text)
    _printf_int_oct                          0x08000f13   Thumb Code    24  _printf_oct_int_ll.o(.text)
    _printf_ll_oct                           0x08000f2b   Thumb Code    12  _printf_oct_int_ll.o(.text)
    _printf_longlong_hex                     0x08000f41   Thumb Code    86  _printf_hex_int_ll_ptr.o(.text)
    _printf_int_hex                          0x08000f97   Thumb Code    28  _printf_hex_int_ll_ptr.o(.text)
    _printf_ll_hex                           0x08000fb3   Thumb Code    12  _printf_hex_int_ll_ptr.o(.text)
    _printf_hex_ptr                          0x08000fbf   Thumb Code    18  _printf_hex_int_ll_ptr.o(.text)
    __rt_locale                              0x08000fd5   Thumb Code     8  rt_locale_intlibspace.o(.text)
    _ll_udiv10                               0x08000fdd   Thumb Code   138  lludiv10.o(.text)
    _printf_fp_hex_real                      0x08001069   Thumb Code   756  _printf_fp_hex.o(.text)
    _printf_fp_infnan                        0x08001365   Thumb Code   112  _printf_fp_infnan.o(.text)
    _printf_lcs_common                       0x080013e5   Thumb Code    20  _printf_wchar.o(.text)
    _printf_wchar                            0x080013f9   Thumb Code    16  _printf_wchar.o(.text)
    _printf_wstring                          0x08001409   Thumb Code     8  _printf_wchar.o(.text)
    _btod_etento                             0x08001411   Thumb Code   224  bigflt0.o(.text)
    _wcrtomb                                 0x080014f5   Thumb Code    64  _wcrtomb.o(.text)
    __user_libspace                          0x08001535   Thumb Code     8  libspace.o(.text)
    __user_perproc_libspace                  0x08001535   Thumb Code     0  libspace.o(.text)
    __user_perthread_libspace                0x08001535   Thumb Code     0  libspace.o(.text)
    __user_setup_stackheap                   0x0800153d   Thumb Code    74  sys_stackheap_outer.o(.text)
    __rt_ctype_table                         0x08001589   Thumb Code    16  rt_ctype_table.o(.text)
    exit                                     0x08001599   Thumb Code    18  exit.o(.text)
    _sys_exit                                0x080015ad   Thumb Code     8  sys_exit.o(.text)
    __I$use$semihosting                      0x080015b9   Thumb Code     0  use_no_semi.o(.text)
    __use_no_semihosting_swi                 0x080015b9   Thumb Code     2  use_no_semi.o(.text)
    __semihosting_library_function           0x080015bb   Thumb Code     0  indicate_semi.o(.text)
    _btod_d2e                                0x080015bb   Thumb Code    62  btod.o(CL$$btod_d2e)
    _d2e_denorm_low                          0x080015f9   Thumb Code    70  btod.o(CL$$btod_d2e_denorm_low)
    _d2e_norm_op1                            0x0800163f   Thumb Code    96  btod.o(CL$$btod_d2e_norm_op1)
    __btod_div_common                        0x0800169f   Thumb Code   696  btod.o(CL$$btod_div_common)
    _e2e                                     0x080019d7   Thumb Code   220  btod.o(CL$$btod_e2e)
    _btod_ediv                               0x08001ab3   Thumb Code    42  btod.o(CL$$btod_ediv)
    _btod_emul                               0x08001add   Thumb Code    42  btod.o(CL$$btod_emul)
    __btod_mult_common                       0x08001b07   Thumb Code   580  btod.o(CL$$btod_mult_common)
    ADC_Cmd                                  0x08001d4b   Thumb Code    22  stm32f10x_adc.o(i.ADC_Cmd)
    ADC_DeInit                               0x08001d61   Thumb Code    78  stm32f10x_adc.o(i.ADC_DeInit)
    ADC_GetCalibrationStatus                 0x08001dbd   Thumb Code    20  stm32f10x_adc.o(i.ADC_GetCalibrationStatus)
    ADC_GetConversionValue                   0x08001dd1   Thumb Code     8  stm32f10x_adc.o(i.ADC_GetConversionValue)
    ADC_GetFlagStatus                        0x08001dd9   Thumb Code    18  stm32f10x_adc.o(i.ADC_GetFlagStatus)
    ADC_GetResetCalibrationStatus            0x08001deb   Thumb Code    20  stm32f10x_adc.o(i.ADC_GetResetCalibrationStatus)
    ADC_Init                                 0x08001e01   Thumb Code    70  stm32f10x_adc.o(i.ADC_Init)
    ADC_RegularChannelConfig                 0x08001e51   Thumb Code   184  stm32f10x_adc.o(i.ADC_RegularChannelConfig)
    ADC_ResetCalibration                     0x08001f09   Thumb Code    10  stm32f10x_adc.o(i.ADC_ResetCalibration)
    ADC_SoftwareStartConvCmd                 0x08001f13   Thumb Code    22  stm32f10x_adc.o(i.ADC_SoftwareStartConvCmd)
    ADC_StartCalibration                     0x08001f29   Thumb Code    10  stm32f10x_adc.o(i.ADC_StartCalibration)
    Adc_Init                                 0x08001f35   Thumb Code   132  adc.o(i.Adc_Init)
    AliIoT_Parameter_Init                    0x08001fc1   Thumb Code   186  total_wifi.o(i.AliIoT_Parameter_Init)
    BusFault_Handler                         0x08002195   Thumb Code     2  stm32f10x_it.o(i.BusFault_Handler)
    CMDBuf_Deal                              0x08002199   Thumb Code    96  total_wifi.o(i.CMDBuf_Deal)
    Connect_server                           0x08002205   Thumb Code   576  total_wifi.o(i.Connect_server)
    Cut_screen                               0x08002659   Thumb Code   166  show.o(i.Cut_screen)
    DHT11_Check                              0x08002739   Thumb Code    92  dht11.o(i.DHT11_Check)
    DHT11_Init                               0x0800279d   Thumb Code    54  dht11.o(i.DHT11_Init)
    DHT11_Read_Bit                           0x080027d9   Thumb Code    70  dht11.o(i.DHT11_Read_Bit)
    DHT11_Read_Byte                          0x08002825   Thumb Code    30  dht11.o(i.DHT11_Read_Byte)
    DHT11_Read_Data                          0x08002845   Thumb Code   158  dht11.o(i.DHT11_Read_Data)
    DHT11_Rst                                0x080028e9   Thumb Code    52  dht11.o(i.DHT11_Rst)
    DMA1_Channel7_IRQHandler                 0x08002929   Thumb Code    36  usart2.o(i.DMA1_Channel7_IRQHandler)
    DMA_ClearITPendingBit                    0x08002955   Thumb Code    18  stm32f10x_dma.o(i.DMA_ClearITPendingBit)
    DMA_Cmd                                  0x08002971   Thumb Code    24  stm32f10x_dma.o(i.DMA_Cmd)
    DMA_GetCurrDataCounter                   0x08002989   Thumb Code     8  stm32f10x_dma.o(i.DMA_GetCurrDataCounter)
    DMA_GetITStatus                          0x08002991   Thumb Code    36  stm32f10x_dma.o(i.DMA_GetITStatus)
    DMA_ITConfig                             0x080029bd   Thumb Code    18  stm32f10x_dma.o(i.DMA_ITConfig)
    DMA_Init                                 0x080029cf   Thumb Code    60  stm32f10x_dma.o(i.DMA_Init)
    Data_State                               0x08002a0d   Thumb Code    84  pub_sub_message.o(i.Data_State)
    DebugMon_Handler                         0x08002aa5   Thumb Code     2  stm32f10x_it.o(i.DebugMon_Handler)
    Delay_Init                               0x08002aa7   Thumb Code    12  delay.o(i.Delay_Init)
    Delay_Ms                                 0x08002ab5   Thumb Code   242  delay.o(i.Delay_Ms)
    Delay_Us                                 0x08002bad   Thumb Code    66  delay.o(i.Delay_Us)
    EXTI3_IRQHandler                         0x08002bf1   Thumb Code   202  key.o(i.EXTI3_IRQHandler)
    EXTI4_IRQHandler                         0x08002cd9   Thumb Code   332  key.o(i.EXTI4_IRQHandler)
    EXTI9_5_IRQHandler                       0x08002e59   Thumb Code  1296  key.o(i.EXTI9_5_IRQHandler)
    EXTI_ClearITPendingBit                   0x0800337d   Thumb Code     6  stm32f10x_exti.o(i.EXTI_ClearITPendingBit)
    EXTI_Init                                0x08003389   Thumb Code   142  stm32f10x_exti.o(i.EXTI_Init)
    Extract_digit                            0x0800341d   Thumb Code    40  pub_sub_message.o(i.Extract_digit)
    GPIO_EXTILineConfig                      0x08003445   Thumb Code    60  stm32f10x_gpio.o(i.GPIO_EXTILineConfig)
    GPIO_Init                                0x08003485   Thumb Code   278  stm32f10x_gpio.o(i.GPIO_Init)
    GPIO_PinRemapConfig                      0x0800359d   Thumb Code   138  stm32f10x_gpio.o(i.GPIO_PinRemapConfig)
    GPIO_ReadInputDataBit                    0x0800362d   Thumb Code    18  stm32f10x_gpio.o(i.GPIO_ReadInputDataBit)
    GPIO_ResetBits                           0x0800363f   Thumb Code     4  stm32f10x_gpio.o(i.GPIO_ResetBits)
    GPIO_SetBits                             0x08003643   Thumb Code     4  stm32f10x_gpio.o(i.GPIO_SetBits)
    GPIO_WriteBit                            0x08003647   Thumb Code    10  stm32f10x_gpio.o(i.GPIO_WriteBit)
    Get_Adc                                  0x08003651   Thumb Code    46  adc.o(i.Get_Adc)
    Get_Adc_Average                          0x08003685   Thumb Code    46  adc.o(i.Get_Adc_Average)
    HardFault_Handler                        0x080036b3   Thumb Code     2  stm32f10x_it.o(i.HardFault_Handler)
    I2C_Start                                0x080036b5   Thumb Code    44  oled.o(i.I2C_Start)
    I2C_Stop                                 0x080036e5   Thumb Code    34  oled.o(i.I2C_Stop)
    I2C_WaitAck                              0x0800370d   Thumb Code    24  oled.o(i.I2C_WaitAck)
    KEY_Exti_Init                            0x08003729   Thumb Code   240  key.o(i.KEY_Exti_Init)
    KEY_Init                                 0x08003819   Thumb Code    48  key.o(i.KEY_Init)
    LED_Init                                 0x08003851   Thumb Code    38  led.o(i.LED_Init)
    MQTT_Buff_Init                           0x0800387d   Thumb Code    82  total_wifi.o(i.MQTT_Buff_Init)
    MQTT_ConectPack                          0x08003919   Thumb Code   496  total_wifi.o(i.MQTT_ConectPack)
    MQTT_DealPushdata_Qs0                    0x08003b31   Thumb Code   234  total_wifi.o(i.MQTT_DealPushdata_Qs0)
    MQTT_PingREQ                             0x08003c39   Thumb Code    22  total_wifi.o(i.MQTT_PingREQ)
    MQTT_PublishQs0                          0x08003c55   Thumb Code   220  total_wifi.o(i.MQTT_PublishQs0)
    MQTT_Subscribe                           0x08003d41   Thumb Code   134  total_wifi.o(i.MQTT_Subscribe)
    MemManage_Handler                        0x08003dd9   Thumb Code     2  stm32f10x_it.o(i.MemManage_Handler)
    My_abs                                   0x08003ddb   Thumb Code    24  oled.o(i.My_abs)
    NMI_Handler                              0x08003df3   Thumb Code     2  stm32f10x_it.o(i.NMI_Handler)
    NVIC_Init                                0x08003df5   Thumb Code   100  misc.o(i.NVIC_Init)
    NVIC_PriorityGroupConfig                 0x08003e65   Thumb Code    10  misc.o(i.NVIC_PriorityGroupConfig)
    OLED_Clear                               0x08003e79   Thumb Code    42  oled.o(i.OLED_Clear)
    OLED_ClearPoint                          0x08003ea9   Thumb Code    90  oled.o(i.OLED_ClearPoint)
    OLED_DrawPoint                           0x08003f09   Thumb Code    54  oled.o(i.OLED_DrawPoint)
    OLED_Init                                0x08003f45   Thumb Code   278  oled.o(i.OLED_Init)
    OLED_Refresh                             0x08004061   Thumb Code    70  oled.o(i.OLED_Refresh)
    OLED_ShowChar                            0x080040ad   Thumb Code   270  oled.o(i.OLED_ShowChar)
    OLED_ShowFloat                           0x080041c9   Thumb Code   472  oled.o(i.OLED_ShowFloat)
    OLED_ShowNum                             0x080043a9   Thumb Code   120  oled.o(i.OLED_ShowNum)
    OLED_ShowString                          0x08004421   Thumb Code    70  oled.o(i.OLED_ShowString)
    OLED_WR_Byte                             0x08004467   Thumb Code    56  oled.o(i.OLED_WR_Byte)
    OLED_show_one_chinese                    0x080044a1   Thumb Code   232  oled.o(i.OLED_show_one_chinese)
    OLED_show_str                            0x0800458d   Thumb Code    70  oled.o(i.OLED_show_str)
    OLED_show_str_turn                       0x080045d3   Thumb Code    70  oled.o(i.OLED_show_str_turn)
    On_off_state_send                        0x08004619   Thumb Code    64  ctrl.o(i.On_off_state_send)
    PendSV_Handler                           0x08004675   Thumb Code     2  stm32f10x_it.o(i.PendSV_Handler)
    RCC_ADCCLKConfig                         0x08004679   Thumb Code    18  stm32f10x_rcc.o(i.RCC_ADCCLKConfig)
    RCC_AHBPeriphClockCmd                    0x08004691   Thumb Code    26  stm32f10x_rcc.o(i.RCC_AHBPeriphClockCmd)
    RCC_APB1PeriphClockCmd                   0x080046b1   Thumb Code    26  stm32f10x_rcc.o(i.RCC_APB1PeriphClockCmd)
    RCC_APB1PeriphResetCmd                   0x080046d1   Thumb Code    26  stm32f10x_rcc.o(i.RCC_APB1PeriphResetCmd)
    RCC_APB2PeriphClockCmd                   0x080046f1   Thumb Code    26  stm32f10x_rcc.o(i.RCC_APB2PeriphClockCmd)
    RCC_APB2PeriphResetCmd                   0x08004711   Thumb Code    26  stm32f10x_rcc.o(i.RCC_APB2PeriphResetCmd)
    RCC_GetClocksFreq                        0x08004731   Thumb Code   192  stm32f10x_rcc.o(i.RCC_GetClocksFreq)
    SVC_Handler                              0x08004805   Thumb Code     2  stm32f10x_it.o(i.SVC_Handler)
    Send_Byte                                0x08004809   Thumb Code    80  oled.o(i.Send_Byte)
    SysTick_CLKSourceConfig                  0x08004945   Thumb Code    40  misc.o(i.SysTick_CLKSourceConfig)
    SysTick_Handler                          0x0800496d   Thumb Code     2  stm32f10x_it.o(i.SysTick_Handler)
    SystemInit                               0x08004971   Thumb Code    78  system_stm32f10x.o(i.SystemInit)
    TIM2_IRQHandler                          0x080049d1   Thumb Code   102  bsp_time2_pwm.o(i.TIM2_IRQHandler)
    TIM3_ENABLE_2S                           0x08004a49   Thumb Code   116  timer3_ping.o(i.TIM3_ENABLE_2S)
    TIM3_ENABLE_30S                          0x08004ac1   Thumb Code   114  timer3_ping.o(i.TIM3_ENABLE_30S)
    TIM3_IRQHandler                          0x08004b39   Thumb Code   102  timer3_ping.o(i.TIM3_IRQHandler)
    TIME2_PWM_Init_10MS                      0x08004bd9   Thumb Code    12  bsp_time2_pwm.o(i.TIME2_PWM_Init_10MS)
    TIM_ClearITPendingBit                    0x08004c81   Thumb Code     6  stm32f10x_tim.o(i.TIM_ClearITPendingBit)
    TIM_Cmd                                  0x08004c87   Thumb Code    24  stm32f10x_tim.o(i.TIM_Cmd)
    TIM_DeInit                               0x08004ca1   Thumb Code   424  stm32f10x_tim.o(i.TIM_DeInit)
    TIM_GetITStatus                          0x08004e89   Thumb Code    34  stm32f10x_tim.o(i.TIM_GetITStatus)
    TIM_ITConfig                             0x08004eab   Thumb Code    18  stm32f10x_tim.o(i.TIM_ITConfig)
    TIM_OC2Init                              0x08004ebd   Thumb Code   154  stm32f10x_tim.o(i.TIM_OC2Init)
    TIM_OC2PreloadConfig                     0x08004f61   Thumb Code    26  stm32f10x_tim.o(i.TIM_OC2PreloadConfig)
    TIM_SetCompare2                          0x08004f7b   Thumb Code     4  stm32f10x_tim.o(i.TIM_SetCompare2)
    TIM_TimeBaseInit                         0x08004f81   Thumb Code   122  stm32f10x_tim.o(i.TIM_TimeBaseInit)
    TxDataBuf_Deal                           0x08005025   Thumb Code    86  total_wifi.o(i.TxDataBuf_Deal)
    USART2_IRQHandler                        0x08005089   Thumb Code   206  usart2.o(i.USART2_IRQHandler)
    USART_ClearFlag                          0x08005179   Thumb Code    18  stm32f10x_usart.o(i.USART_ClearFlag)
    USART_Cmd                                0x0800518b   Thumb Code    24  stm32f10x_usart.o(i.USART_Cmd)
    USART_DMACmd                             0x080051a3   Thumb Code    18  stm32f10x_usart.o(i.USART_DMACmd)
    USART_DeInit                             0x080051b5   Thumb Code   134  stm32f10x_usart.o(i.USART_DeInit)
    USART_GetITStatus                        0x08005251   Thumb Code    84  stm32f10x_usart.o(i.USART_GetITStatus)
    USART_ITConfig                           0x080052a5   Thumb Code    74  stm32f10x_usart.o(i.USART_ITConfig)
    USART_Init                               0x080052f1   Thumb Code   210  stm32f10x_usart.o(i.USART_Init)
    UsageFault_Handler                       0x080053c9   Thumb Code     2  stm32f10x_it.o(i.UsageFault_Handler)
    Usart1_Init                              0x080053cd   Thumb Code   118  usart1.o(i.Usart1_Init)
    Usart2DMA_init                           0x0800544d   Thumb Code   192  usart2.o(i.Usart2DMA_init)
    Usart2_IDELInit                          0x0800551d   Thumb Code   198  usart2.o(i.Usart2_IDELInit)
    Usart2_Init                              0x080055ed   Thumb Code   182  usart2.o(i.Usart2_Init)
    WiFi_Connect_IoTServer                   0x080056ad   Thumb Code   408  total_wifi.o(i.WiFi_Connect_IoTServer)
    WiFi_Connect_Server                      0x08005bc1   Thumb Code   278  total_wifi.o(i.WiFi_Connect_Server)
    WiFi_JoinAP                              0x08005d7d   Thumb Code   184  total_wifi.o(i.WiFi_JoinAP)
    WiFi_Reset                               0x08005e91   Thumb Code   134  total_wifi.o(i.WiFi_Reset)
    WiFi_ResetIO_Init                        0x08005f41   Thumb Code    48  total_wifi.o(i.WiFi_ResetIO_Init)
    WiFi_SendCmd                             0x08005f75   Thumb Code    86  total_wifi.o(i.WiFi_SendCmd)
    WiFi_Smartconfig                         0x08005fe9   Thumb Code    78  total_wifi.o(i.WiFi_Smartconfig)
    WiFi_WaitAP                              0x08006055   Thumb Code    62  total_wifi.o(i.WiFi_WaitAP)
    __ARM_fpclassify                         0x080060ad   Thumb Code    40  fpclassify.o(i.__ARM_fpclassify)
    _is_digit                                0x080060d5   Thumb Code    14  __printf_wp.o(i._is_digit)
    admin_screen                             0x080060e5   Thumb Code   246  show.o(i.admin_screen)
    alarm_choose                             0x0800626d   Thumb Code    82  show.o(i.alarm_choose)
    beep_screen                              0x080062ed   Thumb Code   754  show.o(i.beep_screen)
    choose_admin                             0x08006735   Thumb Code   136  show.o(i.choose_admin)
    choose_pwr                               0x08006831   Thumb Code    58  show.o(i.choose_pwr)
    choose_screen                            0x08006889   Thumb Code   118  show.o(i.choose_screen)
    ctrl_data                                0x0800690d   Thumb Code   406  ctrl.o(i.ctrl_data)
    data_init                                0x08006aed   Thumb Code   136  pub_sub_message.o(i.data_init)
    data_screen                              0x08006bd1   Thumb Code   128  show.o(i.data_screen)
    data_sta                                 0x08006c91   Thumb Code    80  pub_sub_message.o(i.data_sta)
    main                                     0x08006d3d   Thumb Code   248  main.o(i.main)
    main_screen                              0x08006e65   Thumb Code    44  show.o(i.main_screen)
    publish_message                          0x08006ec1   Thumb Code   350  pub_sub_message.o(i.publish_message)
    pwr_choose_screen                        0x080070f9   Thumb Code   192  show.o(i.pwr_choose_screen)
    sent_data                                0x080071f1   Thumb Code   108  pub_sub_message.o(i.sent_data)
    u1_printf                                0x08007289   Thumb Code    84  usart1.o(i.u1_printf)
    u2_TxData                                0x080072e5   Thumb Code    44  usart2.o(i.u2_TxData)
    u2_printf                                0x08007319   Thumb Code    84  usart2.o(i.u2_printf)
    utils_hb2hex                             0x08007375   Thumb Code    24  utils_md5.o(i.utils_hb2hex)
    utils_hmac_sha1                          0x0800738d   Thumb Code   232  utils_hmac.o(i.utils_hmac_sha1)
    utils_sha1_finish                        0x08007475   Thumb Code   228  utils_sha1.o(i.utils_sha1_finish)
    utils_sha1_init                          0x0800755d   Thumb Code    14  utils_sha1.o(i.utils_sha1_init)
    utils_sha1_process                       0x0800756d   Thumb Code  6420  utils_sha1.o(i.utils_sha1_process)
    utils_sha1_starts                        0x08008e89   Thumb Code    30  utils_sha1.o(i.utils_sha1_starts)
    utils_sha1_update                        0x08008eb5   Thumb Code   124  utils_sha1.o(i.utils_sha1_update)
    _get_lc_numeric                          0x08008f31   Thumb Code    44  lc_numeric_c.o(locale$$code)
    _get_lc_ctype                            0x08008f5d   Thumb Code    44  lc_ctype_c.o(locale$$code)
    __aeabi_d2f                              0x08008f89   Thumb Code     0  d2f.o(x$fpl$d2f)
    _d2f                                     0x08008f89   Thumb Code    98  d2f.o(x$fpl$d2f)
    __aeabi_ddiv                             0x08008fed   Thumb Code     0  ddiv.o(x$fpl$ddiv)
    _ddiv                                    0x08008fed   Thumb Code   552  ddiv.o(x$fpl$ddiv)
    __aeabi_d2iz                             0x0800929d   Thumb Code     0  dfix.o(x$fpl$dfix)
    _dfix                                    0x0800929d   Thumb Code    94  dfix.o(x$fpl$dfix)
    __aeabi_i2d                              0x080092fb   Thumb Code     0  dflt_clz.o(x$fpl$dflt)
    _dflt                                    0x080092fb   Thumb Code    46  dflt_clz.o(x$fpl$dflt)
    __aeabi_ui2d                             0x08009329   Thumb Code     0  dflt_clz.o(x$fpl$dfltu)
    _dfltu                                   0x08009329   Thumb Code    38  dflt_clz.o(x$fpl$dfltu)
    __aeabi_dmul                             0x08009351   Thumb Code     0  dmul.o(x$fpl$dmul)
    _dmul                                    0x08009351   Thumb Code   332  dmul.o(x$fpl$dmul)
    __fpl_dnaninf                            0x080094a5   Thumb Code   156  dnaninf.o(x$fpl$dnaninf)
    __fpl_dretinf                            0x08009541   Thumb Code    12  dretinf.o(x$fpl$dretinf)
    __aeabi_f2d                              0x0800954d   Thumb Code     0  f2d.o(x$fpl$f2d)
    _f2d                                     0x0800954d   Thumb Code    86  f2d.o(x$fpl$f2d)
    __aeabi_fadd                             0x080095a5   Thumb Code     0  faddsub_clz.o(x$fpl$fadd)
    _fadd                                    0x080095a5   Thumb Code   196  faddsub_clz.o(x$fpl$fadd)
    __fpl_fcmp_Inf                           0x08009669   Thumb Code    24  fcmpi.o(x$fpl$fcmpinf)
    __aeabi_f2iz                             0x08009681   Thumb Code     0  ffix.o(x$fpl$ffix)
    _ffix                                    0x08009681   Thumb Code    54  ffix.o(x$fpl$ffix)
    __aeabi_f2uiz                            0x080096b9   Thumb Code     0  ffixu.o(x$fpl$ffixu)
    _ffixu                                   0x080096b9   Thumb Code    62  ffixu.o(x$fpl$ffixu)
    __aeabi_i2f                              0x080096f9   Thumb Code     0  fflt_clz.o(x$fpl$fflt)
    _fflt                                    0x080096f9   Thumb Code    48  fflt_clz.o(x$fpl$fflt)
    __aeabi_ui2f                             0x08009729   Thumb Code     0  fflt_clz.o(x$fpl$ffltu)
    _ffltu                                   0x08009729   Thumb Code    38  fflt_clz.o(x$fpl$ffltu)
    __aeabi_cfcmple                          0x08009751   Thumb Code     0  fleqf.o(x$fpl$fleqf)
    _fcmple                                  0x08009751   Thumb Code   104  fleqf.o(x$fpl$fleqf)
    __fpl_fcmple_InfNaN                      0x080097a3   Thumb Code     0  fleqf.o(x$fpl$fleqf)
    __aeabi_fmul                             0x080097b9   Thumb Code     0  fmul.o(x$fpl$fmul)
    _fmul                                    0x080097b9   Thumb Code   258  fmul.o(x$fpl$fmul)
    __fpl_fnaninf                            0x080098bb   Thumb Code   140  fnaninf.o(x$fpl$fnaninf)
    __fpl_fretinf                            0x08009947   Thumb Code    10  fretinf.o(x$fpl$fretinf)
    __aeabi_cfrcmple                         0x08009951   Thumb Code     0  frleqf.o(x$fpl$frleqf)
    _frcmple                                 0x08009951   Thumb Code    98  frleqf.o(x$fpl$frleqf)
    __aeabi_frsub                            0x080099b3   Thumb Code     0  faddsub_clz.o(x$fpl$frsb)
    _frsb                                    0x080099b3   Thumb Code    20  faddsub_clz.o(x$fpl$frsb)
    __aeabi_fsub                             0x080099c9   Thumb Code     0  faddsub_clz.o(x$fpl$fsub)
    _fsub                                    0x080099c9   Thumb Code   234  faddsub_clz.o(x$fpl$fsub)
    _printf_fp_dec                           0x08009ab3   Thumb Code     4  printf1.o(x$fpl$printf1)
    _printf_fp_hex                           0x08009ab7   Thumb Code     4  printf2.o(x$fpl$printf2)
    __I$use$fp                               0x08009aba   Number         0  usenofp.o(x$fpl$usenofp)
    asc2_1206                                0x08009aba   Data        1140  oled.o(.constdata)
    asc2_1608                                0x08009f2e   Data        1520  oled.o(.constdata)
    asc2_2412                                0x0800a51e   Data        3420  oled.o(.constdata)
    Hzk2                                     0x0800b27a   Data         216  oled.o(.constdata)
    Hzk3                                     0x0800b352   Data         512  oled.o(.constdata)
    Hzk4                                     0x0800b552   Data        4096  oled.o(.constdata)
    tfont16                                  0x0800c552   Data        1365  oled.o(.constdata)
    Region$$Table$$Base                      0x0800cde4   Number         0  anon$$obj.o(Region$$Table)
    Region$$Table$$Limit                     0x0800ce04   Number         0  anon$$obj.o(Region$$Table)
    __ctype                                  0x0800ce2d   Data           0  lc_ctype_c.o(locale$$data)
    adc_trang                                0x20000000   Data           4  main.o(.data)
    Usart2_RxCompleted                       0x20000004   Data           1  usart2.o(.data)
    Usart2_RxCounter                         0x20000008   Data           4  usart2.o(.data)
    DMA_flag                                 0x2000000c   Data           1  usart2.o(.data)
    DC_MOTOR_flag                            0x2000000d   Data           1  key.o(.data)
    water_pwm_flag                           0x2000000e   Data           1  key.o(.data)
    MQTT_RxDataInPtr                         0x20000010   Data           4  total_wifi.o(.data)
    MQTT_RxDataOutPtr                        0x20000014   Data           4  total_wifi.o(.data)
    MQTT_RxDataEndPtr                        0x20000018   Data           4  total_wifi.o(.data)
    MQTT_TxDataInPtr                         0x2000001c   Data           4  total_wifi.o(.data)
    MQTT_TxDataOutPtr                        0x20000020   Data           4  total_wifi.o(.data)
    MQTT_TxDataEndPtr                        0x20000024   Data           4  total_wifi.o(.data)
    MQTT_CMDInPtr                            0x20000028   Data           4  total_wifi.o(.data)
    MQTT_CMDOutPtr                           0x2000002c   Data           4  total_wifi.o(.data)
    MQTT_CMDEndPtr                           0x20000030   Data           4  total_wifi.o(.data)
    ClientID_len                             0x20000034   Data           4  total_wifi.o(.data)
    Username_len                             0x20000038   Data           4  total_wifi.o(.data)
    Passward_len                             0x2000003c   Data           4  total_wifi.o(.data)
    ServerPort                               0x20000040   Data           4  total_wifi.o(.data)
    Fixed_len                                0x20000044   Data           4  total_wifi.o(.data)
    Variable_len                             0x20000048   Data           4  total_wifi.o(.data)
    Payload_len                              0x2000004c   Data           4  total_wifi.o(.data)
    Ping_flag                                0x20000050   Data           1  total_wifi.o(.data)
    Connect_flag                             0x20000051   Data           1  total_wifi.o(.data)
    ConnectPack_flag                         0x20000052   Data           1  total_wifi.o(.data)
    SubcribePack_flag                        0x20000053   Data           1  total_wifi.o(.data)
    wifi_mode                                0x20000054   Data           1  total_wifi.o(.data)
    star_sp                                  0x20000058   Data           4  pub_sub_message.o(.data)
    end_sp                                   0x2000005c   Data           4  pub_sub_message.o(.data)
    identifier_data                          0x20000060   Data           4  pub_sub_message.o(.data)
    tem                                      0x20000064   Data           4  dht11.o(.data)
    humi                                     0x20000068   Data           4  dht11.o(.data)
    screen_num                               0x2000006c   Data           1  show.o(.data)
    screen_num_sta                           0x2000006d   Data           1  show.o(.data)
    date_screen_page                         0x2000006e   Data           1  show.o(.data)
    admin_screen_page                        0x2000006f   Data           1  show.o(.data)
    pwr_screen_page                          0x20000070   Data           1  show.o(.data)
    screen_choose                            0x20000071   Data           1  show.o(.data)
    admin_choose                             0x20000072   Data           1  show.o(.data)
    pwr_choose                               0x20000073   Data           1  show.o(.data)
    choose_fan_admin                         0x20000074   Data           1  show.o(.data)
    tem_up                                   0x20000075   Data           1  show.o(.data)
    humi_up                                  0x20000076   Data           1  show.o(.data)
    tem_down                                 0x20000077   Data           1  show.o(.data)
    humi_down                                0x20000078   Data           1  show.o(.data)
    soil_down                                0x20000079   Data           1  show.o(.data)
    soil_up                                  0x2000007a   Data           1  show.o(.data)
    soil                                     0x2000007b   Data           1  show.o(.data)
    wifi_connect                             0x2000007c   Data           1  show.o(.data)
    auto_flag                                0x2000007d   Data           1  show.o(.data)
    Dc_motor_pwm                             0x2000007e   Data           1  show.o(.data)
    water_pwm                                0x2000007f   Data           1  show.o(.data)
    tem_APP_alarm                            0x20000080   Data           1  show.o(.data)
    soil_APP_alarm                           0x20000081   Data           1  show.o(.data)
    hum_APP_alarm                            0x20000082   Data           1  show.o(.data)
    APP_alarm                                0x20000086   Data           1  ctrl.o(.data)
    one_ctrl                                 0x20000087   Data           2  ctrl.o(.data)
    SystemTimer                              0x2000008c   Data           4  bsp_time2_pwm.o(.data)
    Dc_motor_pwm_cnt                         0x20000090   Data           4  bsp_time2_pwm.o(.data)
    Usart1_TxBuff                            0x200000a8   Data         256  usart1.o(.bss)
    Usart2_RxBuff                            0x200001a8   Data        1024  usart2.o(.bss)
    USART2_TxBuff                            0x200005a8   Data        1024  usart2.o(.bss)
    MQTT_RxDataBuf                           0x200009a8   Data        2400  total_wifi.o(.bss)
    MQTT_TxDataBuf                           0x20001308   Data        2400  total_wifi.o(.bss)
    MQTT_CMDBuf                              0x20001c68   Data        2400  total_wifi.o(.bss)
    ClientID                                 0x200025c8   Data         128  total_wifi.o(.bss)
    Username                                 0x20002648   Data         128  total_wifi.o(.bss)
    Passward                                 0x200026c8   Data         128  total_wifi.o(.bss)
    ServerIP                                 0x20002748   Data         128  total_wifi.o(.bss)
    temp_buff                                0x200027c8   Data         300  total_wifi.o(.bss)
    identifier_temp                          0x200028f4   Data          50  pub_sub_message.o(.bss)
    OLED_GRAM                                0x20002926   Data        1152  oled.o(.bss)
    __libspace_start                         0x20002da8   Data          96  libspace.o(.bss)
    __temporary_stack_top$libspace           0x20002e08   Data           0  libspace.o(.bss)



==============================================================================

Memory Map of the image

  Image Entry point : 0x08000279

  Load Region LR_1 (Base: 0x08000000, Size: 0x0000cfd8, Max: 0xffffffff, ABSOLUTE)

    Execution Region ER_RO (Exec base: 0x08000000, Load base: 0x08000000, Size: 0x0000cf30, Max: 0xffffffff, ABSOLUTE)

    Exec Addr    Load Addr    Size         Type   Attr      Idx    E Section Name        Object

    0x08000000   0x08000000   0x00000130   Data   RO         1032    RESET               startup_stm32f10x_hd.o
    0x08000130   0x08000130   0x00000008   Code   RO         2786  * !!!main             c_w.l(__main.o)
    0x08000138   0x08000138   0x00000034   Code   RO         3133    !!!scatter          c_w.l(__scatter.o)
    0x0800016c   0x0800016c   0x0000001a   Code   RO         3135    !!handler_copy      c_w.l(__scatter_copy.o)
    0x08000186   0x08000186   0x00000002   PAD
    0x08000188   0x08000188   0x0000001c   Code   RO         3137    !!handler_zi        c_w.l(__scatter_zi.o)
    0x080001a4   0x080001a4   0x00000000   Code   RO         2767    .ARM.Collect$$_printf_percent$$00000000  c_w.l(_printf_percent.o)
    0x080001a4   0x080001a4   0x00000006   Code   RO         2886    .ARM.Collect$$_printf_percent$$00000001  c_w.l(_printf_n.o)
    0x080001aa   0x080001aa   0x00000006   Code   RO         2888    .ARM.Collect$$_printf_percent$$00000002  c_w.l(_printf_p.o)
    0x080001b0   0x080001b0   0x00000006   Code   RO         2766    .ARM.Collect$$_printf_percent$$00000003  c_w.l(_printf_f.o)
    0x080001b6   0x080001b6   0x00000006   Code   RO         2892    .ARM.Collect$$_printf_percent$$00000004  c_w.l(_printf_e.o)
    0x080001bc   0x080001bc   0x00000006   Code   RO         2893    .ARM.Collect$$_printf_percent$$00000005  c_w.l(_printf_g.o)
    0x080001c2   0x080001c2   0x00000006   Code   RO         2894    .ARM.Collect$$_printf_percent$$00000006  c_w.l(_printf_a.o)
    0x080001c8   0x080001c8   0x0000000a   Code   RO         2899    .ARM.Collect$$_printf_percent$$00000007  c_w.l(_printf_ll.o)
    0x080001d2   0x080001d2   0x00000006   Code   RO         2890    .ARM.Collect$$_printf_percent$$00000008  c_w.l(_printf_i.o)
    0x080001d8   0x080001d8   0x00000006   Code   RO         2765    .ARM.Collect$$_printf_percent$$00000009  c_w.l(_printf_d.o)
    0x080001de   0x080001de   0x00000006   Code   RO         2891    .ARM.Collect$$_printf_percent$$0000000A  c_w.l(_printf_u.o)
    0x080001e4   0x080001e4   0x00000006   Code   RO         2889    .ARM.Collect$$_printf_percent$$0000000B  c_w.l(_printf_o.o)
    0x080001ea   0x080001ea   0x00000006   Code   RO         2887    .ARM.Collect$$_printf_percent$$0000000C  c_w.l(_printf_x.o)
    0x080001f0   0x080001f0   0x00000006   Code   RO         2896    .ARM.Collect$$_printf_percent$$0000000D  c_w.l(_printf_lli.o)
    0x080001f6   0x080001f6   0x00000006   Code   RO         2897    .ARM.Collect$$_printf_percent$$0000000E  c_w.l(_printf_lld.o)
    0x080001fc   0x080001fc   0x00000006   Code   RO         2898    .ARM.Collect$$_printf_percent$$0000000F  c_w.l(_printf_llu.o)
    0x08000202   0x08000202   0x00000006   Code   RO         2903    .ARM.Collect$$_printf_percent$$00000010  c_w.l(_printf_llo.o)
    0x08000208   0x08000208   0x00000006   Code   RO         2904    .ARM.Collect$$_printf_percent$$00000011  c_w.l(_printf_llx.o)
    0x0800020e   0x0800020e   0x0000000a   Code   RO         2900    .ARM.Collect$$_printf_percent$$00000012  c_w.l(_printf_l.o)
    0x08000218   0x08000218   0x00000006   Code   RO         2885    .ARM.Collect$$_printf_percent$$00000013  c_w.l(_printf_c.o)
    0x0800021e   0x0800021e   0x00000006   Code   RO         2764    .ARM.Collect$$_printf_percent$$00000014  c_w.l(_printf_s.o)
    0x08000224   0x08000224   0x00000006   Code   RO         2901    .ARM.Collect$$_printf_percent$$00000015  c_w.l(_printf_lc.o)
    0x0800022a   0x0800022a   0x00000006   Code   RO         2902    .ARM.Collect$$_printf_percent$$00000016  c_w.l(_printf_ls.o)
    0x08000230   0x08000230   0x00000004   Code   RO         2895    .ARM.Collect$$_printf_percent$$00000017  c_w.l(_printf_percent_end.o)
    0x08000234   0x08000234   0x00000002   Code   RO         3001    .ARM.Collect$$libinit$$00000000  c_w.l(libinit.o)
    0x08000236   0x08000236   0x00000000   Code   RO         3003    .ARM.Collect$$libinit$$00000002  c_w.l(libinit2.o)
    0x08000236   0x08000236   0x00000000   Code   RO         3005    .ARM.Collect$$libinit$$00000004  c_w.l(libinit2.o)
    0x08000236   0x08000236   0x00000000   Code   RO         3008    .ARM.Collect$$libinit$$0000000A  c_w.l(libinit2.o)
    0x08000236   0x08000236   0x00000000   Code   RO         3010    .ARM.Collect$$libinit$$0000000C  c_w.l(libinit2.o)
    0x08000236   0x08000236   0x00000000   Code   RO         3012    .ARM.Collect$$libinit$$0000000E  c_w.l(libinit2.o)
    0x08000236   0x08000236   0x00000006   Code   RO         3013    .ARM.Collect$$libinit$$0000000F  c_w.l(libinit2.o)
    0x0800023c   0x0800023c   0x00000000   Code   RO         3015    .ARM.Collect$$libinit$$00000011  c_w.l(libinit2.o)
    0x0800023c   0x0800023c   0x0000000c   Code   RO         3016    .ARM.Collect$$libinit$$00000012  c_w.l(libinit2.o)
    0x08000248   0x08000248   0x00000000   Code   RO         3017    .ARM.Collect$$libinit$$00000013  c_w.l(libinit2.o)
    0x08000248   0x08000248   0x00000000   Code   RO         3019    .ARM.Collect$$libinit$$00000015  c_w.l(libinit2.o)
    0x08000248   0x08000248   0x0000000a   Code   RO         3020    .ARM.Collect$$libinit$$00000016  c_w.l(libinit2.o)
    0x08000252   0x08000252   0x00000000   Code   RO         3021    .ARM.Collect$$libinit$$00000017  c_w.l(libinit2.o)
    0x08000252   0x08000252   0x00000000   Code   RO         3023    .ARM.Collect$$libinit$$00000019  c_w.l(libinit2.o)
    0x08000252   0x08000252   0x00000000   Code   RO         3025    .ARM.Collect$$libinit$$0000001B  c_w.l(libinit2.o)
    0x08000252   0x08000252   0x00000000   Code   RO         3027    .ARM.Collect$$libinit$$0000001D  c_w.l(libinit2.o)
    0x08000252   0x08000252   0x00000000   Code   RO         3029    .ARM.Collect$$libinit$$0000001F  c_w.l(libinit2.o)
    0x08000252   0x08000252   0x00000000   Code   RO         3031    .ARM.Collect$$libinit$$00000021  c_w.l(libinit2.o)
    0x08000252   0x08000252   0x00000000   Code   RO         3033    .ARM.Collect$$libinit$$00000023  c_w.l(libinit2.o)
    0x08000252   0x08000252   0x00000000   Code   RO         3035    .ARM.Collect$$libinit$$00000025  c_w.l(libinit2.o)
    0x08000252   0x08000252   0x00000000   Code   RO         3039    .ARM.Collect$$libinit$$0000002C  c_w.l(libinit2.o)
    0x08000252   0x08000252   0x00000000   Code   RO         3041    .ARM.Collect$$libinit$$0000002E  c_w.l(libinit2.o)
    0x08000252   0x08000252   0x00000000   Code   RO         3043    .ARM.Collect$$libinit$$00000030  c_w.l(libinit2.o)
    0x08000252   0x08000252   0x00000000   Code   RO         3045    .ARM.Collect$$libinit$$00000032  c_w.l(libinit2.o)
    0x08000252   0x08000252   0x00000002   Code   RO         3046    .ARM.Collect$$libinit$$00000033  c_w.l(libinit2.o)
    0x08000254   0x08000254   0x00000002   Code   RO         3079    .ARM.Collect$$libshutdown$$00000000  c_w.l(libshutdown.o)
    0x08000256   0x08000256   0x00000000   Code   RO         3090    .ARM.Collect$$libshutdown$$00000002  c_w.l(libshutdown2.o)
    0x08000256   0x08000256   0x00000000   Code   RO         3092    .ARM.Collect$$libshutdown$$00000004  c_w.l(libshutdown2.o)
    0x08000256   0x08000256   0x00000000   Code   RO         3094    .ARM.Collect$$libshutdown$$00000006  c_w.l(libshutdown2.o)
    0x08000256   0x08000256   0x00000000   Code   RO         3097    .ARM.Collect$$libshutdown$$00000009  c_w.l(libshutdown2.o)
    0x08000256   0x08000256   0x00000000   Code   RO         3100    .ARM.Collect$$libshutdown$$0000000C  c_w.l(libshutdown2.o)
    0x08000256   0x08000256   0x00000000   Code   RO         3102    .ARM.Collect$$libshutdown$$0000000E  c_w.l(libshutdown2.o)
    0x08000256   0x08000256   0x00000000   Code   RO         3105    .ARM.Collect$$libshutdown$$00000011  c_w.l(libshutdown2.o)
    0x08000256   0x08000256   0x00000002   Code   RO         3106    .ARM.Collect$$libshutdown$$00000012  c_w.l(libshutdown2.o)
    0x08000258   0x08000258   0x00000000   Code   RO         2836    .ARM.Collect$$rtentry$$00000000  c_w.l(__rtentry.o)
    0x08000258   0x08000258   0x00000000   Code   RO         2923    .ARM.Collect$$rtentry$$00000002  c_w.l(__rtentry2.o)
    0x08000258   0x08000258   0x00000006   Code   RO         2935    .ARM.Collect$$rtentry$$00000004  c_w.l(__rtentry4.o)
    0x0800025e   0x0800025e   0x00000000   Code   RO         2925    .ARM.Collect$$rtentry$$00000009  c_w.l(__rtentry2.o)
    0x0800025e   0x0800025e   0x00000004   Code   RO         2926    .ARM.Collect$$rtentry$$0000000A  c_w.l(__rtentry2.o)
    0x08000262   0x08000262   0x00000000   Code   RO         2928    .ARM.Collect$$rtentry$$0000000C  c_w.l(__rtentry2.o)
    0x08000262   0x08000262   0x00000008   Code   RO         2929    .ARM.Collect$$rtentry$$0000000D  c_w.l(__rtentry2.o)
    0x0800026a   0x0800026a   0x00000002   Code   RO         3047    .ARM.Collect$$rtexit$$00000000  c_w.l(rtexit.o)
    0x0800026c   0x0800026c   0x00000000   Code   RO         3057    .ARM.Collect$$rtexit$$00000002  c_w.l(rtexit2.o)
    0x0800026c   0x0800026c   0x00000004   Code   RO         3058    .ARM.Collect$$rtexit$$00000003  c_w.l(rtexit2.o)
    0x08000270   0x08000270   0x00000006   Code   RO         3059    .ARM.Collect$$rtexit$$00000004  c_w.l(rtexit2.o)
    0x08000276   0x08000276   0x00000002   PAD
    0x08000278   0x08000278   0x00000040   Code   RO         1033  * .text               startup_stm32f10x_hd.o
    0x080002b8   0x080002b8   0x00000024   Code   RO         2732    .text               c_w.l(vsprintf.o)
    0x080002dc   0x080002dc   0x0000002c   Code   RO         2734    .text               c_w.l(__2sprintf.o)
    0x08000308   0x08000308   0x00000052   Code   RO         2740    .text               c_w.l(_printf_str.o)
    0x0800035a   0x0800035a   0x00000002   PAD
    0x0800035c   0x0800035c   0x00000078   Code   RO         2742    .text               c_w.l(_printf_dec.o)
    0x080003d4   0x080003d4   0x00000188   Code   RO         2761    .text               c_w.l(__printf_flags_ss_wp.o)
    0x0800055c   0x0800055c   0x00000024   Code   RO         2768    .text               c_w.l(strstr.o)
    0x08000580   0x08000580   0x0000003e   Code   RO         2770    .text               c_w.l(strlen.o)
    0x080005be   0x080005be   0x0000008a   Code   RO         2772    .text               c_w.l(rt_memcpy_v6.o)
    0x08000648   0x08000648   0x00000064   Code   RO         2774    .text               c_w.l(rt_memcpy_w.o)
    0x080006ac   0x080006ac   0x00000044   Code   RO         2778    .text               c_w.l(rt_memclr.o)
    0x080006f0   0x080006f0   0x0000004e   Code   RO         2780    .text               c_w.l(rt_memclr_w.o)
    0x0800073e   0x0800073e   0x00000002   PAD
    0x08000740   0x08000740   0x00000080   Code   RO         2782    .text               c_w.l(strcmpv7m.o)
    0x080007c0   0x080007c0   0x00000006   Code   RO         2784    .text               c_w.l(heapauxi.o)
    0x080007c6   0x080007c6   0x0000004e   Code   RO         2837    .text               c_w.l(_printf_pad.o)
    0x08000814   0x08000814   0x00000024   Code   RO         2839    .text               c_w.l(_printf_truncate.o)
    0x08000838   0x08000838   0x000000b2   Code   RO         2841    .text               c_w.l(_printf_intcommon.o)
    0x080008ea   0x080008ea   0x00000028   Code   RO         2843    .text               c_w.l(_printf_charcount.o)
    0x08000912   0x08000912   0x0000041e   Code   RO         2845    .text               c_w.l(_printf_fp_dec.o)
    0x08000d30   0x08000d30   0x00000030   Code   RO         2847    .text               c_w.l(_printf_char_common.o)
    0x08000d60   0x08000d60   0x0000000a   Code   RO         2849    .text               c_w.l(_sputc.o)
    0x08000d6a   0x08000d6a   0x0000002c   Code   RO         2851    .text               c_w.l(_printf_char.o)
    0x08000d96   0x08000d96   0x00000002   PAD
    0x08000d98   0x08000d98   0x000000bc   Code   RO         2853    .text               c_w.l(_printf_wctomb.o)
    0x08000e54   0x08000e54   0x0000007c   Code   RO         2856    .text               c_w.l(_printf_longlong_dec.o)
    0x08000ed0   0x08000ed0   0x00000070   Code   RO         2862    .text               c_w.l(_printf_oct_int_ll.o)
    0x08000f40   0x08000f40   0x00000094   Code   RO         2882    .text               c_w.l(_printf_hex_int_ll_ptr.o)
    0x08000fd4   0x08000fd4   0x00000008   Code   RO         2940    .text               c_w.l(rt_locale_intlibspace.o)
    0x08000fdc   0x08000fdc   0x0000008a   Code   RO         2942    .text               c_w.l(lludiv10.o)
    0x08001066   0x08001066   0x00000002   PAD
    0x08001068   0x08001068   0x000002fc   Code   RO         2944    .text               c_w.l(_printf_fp_hex.o)
    0x08001364   0x08001364   0x00000080   Code   RO         2947    .text               c_w.l(_printf_fp_infnan.o)
    0x080013e4   0x080013e4   0x0000002c   Code   RO         2951    .text               c_w.l(_printf_wchar.o)
    0x08001410   0x08001410   0x000000e4   Code   RO         2953    .text               c_w.l(bigflt0.o)
    0x080014f4   0x080014f4   0x00000040   Code   RO         2978    .text               c_w.l(_wcrtomb.o)
    0x08001534   0x08001534   0x00000008   Code   RO         2987    .text               c_w.l(libspace.o)
    0x0800153c   0x0800153c   0x0000004a   Code   RO         2990    .text               c_w.l(sys_stackheap_outer.o)
    0x08001586   0x08001586   0x00000002   PAD
    0x08001588   0x08001588   0x00000010   Code   RO         2992    .text               c_w.l(rt_ctype_table.o)
    0x08001598   0x08001598   0x00000012   Code   RO         2994    .text               c_w.l(exit.o)
    0x080015aa   0x080015aa   0x00000002   PAD
    0x080015ac   0x080015ac   0x0000000c   Code   RO         3069    .text               c_w.l(sys_exit.o)
    0x080015b8   0x080015b8   0x00000002   Code   RO         3080    .text               c_w.l(use_no_semi.o)
    0x080015ba   0x080015ba   0x00000000   Code   RO         3082    .text               c_w.l(indicate_semi.o)
    0x080015ba   0x080015ba   0x0000003e   Code   RO         2956    CL$$btod_d2e        c_w.l(btod.o)
    0x080015f8   0x080015f8   0x00000046   Code   RO         2958    CL$$btod_d2e_denorm_low  c_w.l(btod.o)
    0x0800163e   0x0800163e   0x00000060   Code   RO         2957    CL$$btod_d2e_norm_op1  c_w.l(btod.o)
    0x0800169e   0x0800169e   0x00000338   Code   RO         2966    CL$$btod_div_common  c_w.l(btod.o)
    0x080019d6   0x080019d6   0x000000dc   Code   RO         2963    CL$$btod_e2e        c_w.l(btod.o)
    0x08001ab2   0x08001ab2   0x0000002a   Code   RO         2960    CL$$btod_ediv       c_w.l(btod.o)
    0x08001adc   0x08001adc   0x0000002a   Code   RO         2959    CL$$btod_emul       c_w.l(btod.o)
    0x08001b06   0x08001b06   0x00000244   Code   RO         2965    CL$$btod_mult_common  c_w.l(btod.o)
    0x08001d4a   0x08001d4a   0x00000016   Code   RO         2238    i.ADC_Cmd           stm32f10x_adc.o
    0x08001d60   0x08001d60   0x0000005c   Code   RO         2240    i.ADC_DeInit        stm32f10x_adc.o
    0x08001dbc   0x08001dbc   0x00000014   Code   RO         2246    i.ADC_GetCalibrationStatus  stm32f10x_adc.o
    0x08001dd0   0x08001dd0   0x00000008   Code   RO         2247    i.ADC_GetConversionValue  stm32f10x_adc.o
    0x08001dd8   0x08001dd8   0x00000012   Code   RO         2249    i.ADC_GetFlagStatus  stm32f10x_adc.o
    0x08001dea   0x08001dea   0x00000014   Code   RO         2252    i.ADC_GetResetCalibrationStatus  stm32f10x_adc.o
    0x08001dfe   0x08001dfe   0x00000002   PAD
    0x08001e00   0x08001e00   0x00000050   Code   RO         2256    i.ADC_Init          stm32f10x_adc.o
    0x08001e50   0x08001e50   0x000000b8   Code   RO         2260    i.ADC_RegularChannelConfig  stm32f10x_adc.o
    0x08001f08   0x08001f08   0x0000000a   Code   RO         2261    i.ADC_ResetCalibration  stm32f10x_adc.o
    0x08001f12   0x08001f12   0x00000016   Code   RO         2263    i.ADC_SoftwareStartConvCmd  stm32f10x_adc.o
    0x08001f28   0x08001f28   0x0000000a   Code   RO         2265    i.ADC_StartCalibration  stm32f10x_adc.o
    0x08001f32   0x08001f32   0x00000002   PAD
    0x08001f34   0x08001f34   0x0000008c   Code   RO          575    i.Adc_Init          adc.o
    0x08001fc0   0x08001fc0   0x000001d4   Code   RO          394    i.AliIoT_Parameter_Init  total_wifi.o
    0x08002194   0x08002194   0x00000002   Code   RO         1037    i.BusFault_Handler  stm32f10x_it.o
    0x08002196   0x08002196   0x00000002   PAD
    0x08002198   0x08002198   0x0000006c   Code   RO          395    i.CMDBuf_Deal       total_wifi.o
    0x08002204   0x08002204   0x00000454   Code   RO          396    i.Connect_server    total_wifi.o
    0x08002658   0x08002658   0x000000e0   Code   RO          851    i.Cut_screen        show.o
    0x08002738   0x08002738   0x00000064   Code   RO          603    i.DHT11_Check       dht11.o
    0x0800279c   0x0800279c   0x0000003c   Code   RO          604    i.DHT11_Init        dht11.o
    0x080027d8   0x080027d8   0x0000004c   Code   RO          605    i.DHT11_Read_Bit    dht11.o
    0x08002824   0x08002824   0x0000001e   Code   RO          606    i.DHT11_Read_Byte   dht11.o
    0x08002842   0x08002842   0x00000002   PAD
    0x08002844   0x08002844   0x000000a4   Code   RO          607    i.DHT11_Read_Data   dht11.o
    0x080028e8   0x080028e8   0x00000040   Code   RO          608    i.DHT11_Rst         dht11.o
    0x08002928   0x08002928   0x0000002c   Code   RO          225    i.DMA1_Channel7_IRQHandler  usart2.o
    0x08002954   0x08002954   0x0000001c   Code   RO         2497    i.DMA_ClearITPendingBit  stm32f10x_dma.o
    0x08002970   0x08002970   0x00000018   Code   RO         2498    i.DMA_Cmd           stm32f10x_dma.o
    0x08002988   0x08002988   0x00000008   Code   RO         2500    i.DMA_GetCurrDataCounter  stm32f10x_dma.o
    0x08002990   0x08002990   0x0000002c   Code   RO         2502    i.DMA_GetITStatus   stm32f10x_dma.o
    0x080029bc   0x080029bc   0x00000012   Code   RO         2503    i.DMA_ITConfig      stm32f10x_dma.o
    0x080029ce   0x080029ce   0x0000003c   Code   RO         2504    i.DMA_Init          stm32f10x_dma.o
    0x08002a0a   0x08002a0a   0x00000002   PAD
    0x08002a0c   0x08002a0c   0x00000098   Code   RO          516    i.Data_State        pub_sub_message.o
    0x08002aa4   0x08002aa4   0x00000002   Code   RO         1038    i.DebugMon_Handler  stm32f10x_it.o
    0x08002aa6   0x08002aa6   0x0000000c   Code   RO          173    i.Delay_Init        delay.o
    0x08002ab2   0x08002ab2   0x00000002   PAD
    0x08002ab4   0x08002ab4   0x000000f8   Code   RO          174    i.Delay_Ms          delay.o
    0x08002bac   0x08002bac   0x00000042   Code   RO          175    i.Delay_Us          delay.o
    0x08002bee   0x08002bee   0x00000002   PAD
    0x08002bf0   0x08002bf0   0x000000e8   Code   RO          296    i.EXTI3_IRQHandler  key.o
    0x08002cd8   0x08002cd8   0x00000180   Code   RO          297    i.EXTI4_IRQHandler  key.o
    0x08002e58   0x08002e58   0x00000524   Code   RO          298    i.EXTI9_5_IRQHandler  key.o
    0x0800337c   0x0800337c   0x0000000c   Code   RO         2179    i.EXTI_ClearITPendingBit  stm32f10x_exti.o
    0x08003388   0x08003388   0x00000094   Code   RO         2184    i.EXTI_Init         stm32f10x_exti.o
    0x0800341c   0x0800341c   0x00000028   Code   RO          517    i.Extract_digit     pub_sub_message.o
    0x08003444   0x08003444   0x00000040   Code   RO         2067    i.GPIO_EXTILineConfig  stm32f10x_gpio.o
    0x08003484   0x08003484   0x00000116   Code   RO         2070    i.GPIO_Init         stm32f10x_gpio.o
    0x0800359a   0x0800359a   0x00000002   PAD
    0x0800359c   0x0800359c   0x00000090   Code   RO         2072    i.GPIO_PinRemapConfig  stm32f10x_gpio.o
    0x0800362c   0x0800362c   0x00000012   Code   RO         2074    i.GPIO_ReadInputDataBit  stm32f10x_gpio.o
    0x0800363e   0x0800363e   0x00000004   Code   RO         2077    i.GPIO_ResetBits    stm32f10x_gpio.o
    0x08003642   0x08003642   0x00000004   Code   RO         2078    i.GPIO_SetBits      stm32f10x_gpio.o
    0x08003646   0x08003646   0x0000000a   Code   RO         2081    i.GPIO_WriteBit     stm32f10x_gpio.o
    0x08003650   0x08003650   0x00000034   Code   RO          576    i.Get_Adc           adc.o
    0x08003684   0x08003684   0x0000002e   Code   RO          577    i.Get_Adc_Average   adc.o
    0x080036b2   0x080036b2   0x00000002   Code   RO         1039    i.HardFault_Handler  stm32f10x_it.o
    0x080036b4   0x080036b4   0x00000030   Code   RO          651    i.I2C_Start         oled.o
    0x080036e4   0x080036e4   0x00000028   Code   RO          652    i.I2C_Stop          oled.o
    0x0800370c   0x0800370c   0x0000001c   Code   RO          653    i.I2C_WaitAck       oled.o
    0x08003728   0x08003728   0x000000f0   Code   RO          299    i.KEY_Exti_Init     key.o
    0x08003818   0x08003818   0x00000038   Code   RO          300    i.KEY_Init          key.o
    0x08003850   0x08003850   0x0000002c   Code   RO          280    i.LED_Init          led.o
    0x0800387c   0x0800387c   0x0000009c   Code   RO          397    i.MQTT_Buff_Init    total_wifi.o
    0x08003918   0x08003918   0x00000218   Code   RO          398    i.MQTT_ConectPack   total_wifi.o
    0x08003b30   0x08003b30   0x00000108   Code   RO          399    i.MQTT_DealPushdata_Qs0  total_wifi.o
    0x08003c38   0x08003c38   0x0000001c   Code   RO          400    i.MQTT_PingREQ      total_wifi.o
    0x08003c54   0x08003c54   0x000000ec   Code   RO          401    i.MQTT_PublishQs0   total_wifi.o
    0x08003d40   0x08003d40   0x00000098   Code   RO          402    i.MQTT_Subscribe    total_wifi.o
    0x08003dd8   0x08003dd8   0x00000002   Code   RO         1040    i.MemManage_Handler  stm32f10x_it.o
    0x08003dda   0x08003dda   0x00000018   Code   RO          654    i.My_abs            oled.o
    0x08003df2   0x08003df2   0x00000002   Code   RO         1041    i.NMI_Handler       stm32f10x_it.o
    0x08003df4   0x08003df4   0x00000070   Code   RO         1100    i.NVIC_Init         misc.o
    0x08003e64   0x08003e64   0x00000014   Code   RO         1101    i.NVIC_PriorityGroupConfig  misc.o
    0x08003e78   0x08003e78   0x00000030   Code   RO          655    i.OLED_Clear        oled.o
    0x08003ea8   0x08003ea8   0x00000060   Code   RO          656    i.OLED_ClearPoint   oled.o
    0x08003f08   0x08003f08   0x0000003c   Code   RO          663    i.OLED_DrawPoint    oled.o
    0x08003f44   0x08003f44   0x0000011c   Code   RO          664    i.OLED_Init         oled.o
    0x08004060   0x08004060   0x0000004c   Code   RO          666    i.OLED_Refresh      oled.o
    0x080040ac   0x080040ac   0x0000011c   Code   RO          668    i.OLED_ShowChar     oled.o
    0x080041c8   0x080041c8   0x000001e0   Code   RO          670    i.OLED_ShowFloat    oled.o
    0x080043a8   0x080043a8   0x00000078   Code   RO          671    i.OLED_ShowNum      oled.o
    0x08004420   0x08004420   0x00000046   Code   RO          674    i.OLED_ShowString   oled.o
    0x08004466   0x08004466   0x00000038   Code   RO          677    i.OLED_WR_Byte      oled.o
    0x0800449e   0x0800449e   0x00000002   PAD
    0x080044a0   0x080044a0   0x000000ec   Code   RO          678    i.OLED_show_one_chinese  oled.o
    0x0800458c   0x0800458c   0x00000046   Code   RO          679    i.OLED_show_str     oled.o
    0x080045d2   0x080045d2   0x00000046   Code   RO          680    i.OLED_show_str_turn  oled.o
    0x08004618   0x08004618   0x0000005c   Code   RO          927    i.On_off_state_send  ctrl.o
    0x08004674   0x08004674   0x00000002   Code   RO         1042    i.PendSV_Handler    stm32f10x_it.o
    0x08004676   0x08004676   0x00000002   PAD
    0x08004678   0x08004678   0x00000018   Code   RO         1136    i.RCC_ADCCLKConfig  stm32f10x_rcc.o
    0x08004690   0x08004690   0x00000020   Code   RO         1137    i.RCC_AHBPeriphClockCmd  stm32f10x_rcc.o
    0x080046b0   0x080046b0   0x00000020   Code   RO         1138    i.RCC_APB1PeriphClockCmd  stm32f10x_rcc.o
    0x080046d0   0x080046d0   0x00000020   Code   RO         1139    i.RCC_APB1PeriphResetCmd  stm32f10x_rcc.o
    0x080046f0   0x080046f0   0x00000020   Code   RO         1140    i.RCC_APB2PeriphClockCmd  stm32f10x_rcc.o
    0x08004710   0x08004710   0x00000020   Code   RO         1141    i.RCC_APB2PeriphResetCmd  stm32f10x_rcc.o
    0x08004730   0x08004730   0x000000d4   Code   RO         1148    i.RCC_GetClocksFreq  stm32f10x_rcc.o
    0x08004804   0x08004804   0x00000002   Code   RO         1043    i.SVC_Handler       stm32f10x_it.o
    0x08004806   0x08004806   0x00000002   PAD
    0x08004808   0x08004808   0x00000054   Code   RO          681    i.Send_Byte         oled.o
    0x0800485c   0x0800485c   0x00000008   Code   RO          996    i.SetSysClock       system_stm32f10x.o
    0x08004864   0x08004864   0x000000e0   Code   RO          997    i.SetSysClockTo72   system_stm32f10x.o
    0x08004944   0x08004944   0x00000028   Code   RO         1104    i.SysTick_CLKSourceConfig  misc.o
    0x0800496c   0x0800496c   0x00000002   Code   RO         1044    i.SysTick_Handler   stm32f10x_it.o
    0x0800496e   0x0800496e   0x00000002   PAD
    0x08004970   0x08004970   0x00000060   Code   RO          999    i.SystemInit        system_stm32f10x.o
    0x080049d0   0x080049d0   0x00000078   Code   RO          952    i.TIM2_IRQHandler   bsp_time2_pwm.o
    0x08004a48   0x08004a48   0x00000078   Code   RO          370    i.TIM3_ENABLE_2S    timer3_ping.o
    0x08004ac0   0x08004ac0   0x00000078   Code   RO          371    i.TIM3_ENABLE_30S   timer3_ping.o
    0x08004b38   0x08004b38   0x00000074   Code   RO          372    i.TIM3_IRQHandler   timer3_ping.o
    0x08004bac   0x08004bac   0x0000002c   Code   RO          953    i.TIME2_GPIO_PWM_Config  bsp_time2_pwm.o
    0x08004bd8   0x08004bd8   0x0000000c   Code   RO          954    i.TIME2_PWM_Init_10MS  bsp_time2_pwm.o
    0x08004be4   0x08004be4   0x0000009c   Code   RO          955    i.TIME2_PWM_MODE_Config  bsp_time2_pwm.o
    0x08004c80   0x08004c80   0x00000006   Code   RO         1347    i.TIM_ClearITPendingBit  stm32f10x_tim.o
    0x08004c86   0x08004c86   0x00000018   Code   RO         1352    i.TIM_Cmd           stm32f10x_tim.o
    0x08004c9e   0x08004c9e   0x00000002   PAD
    0x08004ca0   0x08004ca0   0x000001e8   Code   RO         1357    i.TIM_DeInit        stm32f10x_tim.o
    0x08004e88   0x08004e88   0x00000022   Code   RO         1373    i.TIM_GetITStatus   stm32f10x_tim.o
    0x08004eaa   0x08004eaa   0x00000012   Code   RO         1377    i.TIM_ITConfig      stm32f10x_tim.o
    0x08004ebc   0x08004ebc   0x000000a4   Code   RO         1386    i.TIM_OC2Init       stm32f10x_tim.o
    0x08004f60   0x08004f60   0x0000001a   Code   RO         1389    i.TIM_OC2PreloadConfig  stm32f10x_tim.o
    0x08004f7a   0x08004f7a   0x00000004   Code   RO         1414    i.TIM_SetCompare2   stm32f10x_tim.o
    0x08004f7e   0x08004f7e   0x00000002   PAD
    0x08004f80   0x08004f80   0x000000a4   Code   RO         1423    i.TIM_TimeBaseInit  stm32f10x_tim.o
    0x08005024   0x08005024   0x00000064   Code   RO          403    i.TxDataBuf_Deal    total_wifi.o
    0x08005088   0x08005088   0x000000f0   Code   RO          226    i.USART2_IRQHandler  usart2.o
    0x08005178   0x08005178   0x00000012   Code   RO         1884    i.USART_ClearFlag   stm32f10x_usart.o
    0x0800518a   0x0800518a   0x00000018   Code   RO         1888    i.USART_Cmd         stm32f10x_usart.o
    0x080051a2   0x080051a2   0x00000012   Code   RO         1889    i.USART_DMACmd      stm32f10x_usart.o
    0x080051b4   0x080051b4   0x0000009c   Code   RO         1890    i.USART_DeInit      stm32f10x_usart.o
    0x08005250   0x08005250   0x00000054   Code   RO         1892    i.USART_GetITStatus  stm32f10x_usart.o
    0x080052a4   0x080052a4   0x0000004a   Code   RO         1894    i.USART_ITConfig    stm32f10x_usart.o
    0x080052ee   0x080052ee   0x00000002   PAD
    0x080052f0   0x080052f0   0x000000d8   Code   RO         1895    i.USART_Init        stm32f10x_usart.o
    0x080053c8   0x080053c8   0x00000002   Code   RO         1045    i.UsageFault_Handler  stm32f10x_it.o
    0x080053ca   0x080053ca   0x00000002   PAD
    0x080053cc   0x080053cc   0x00000080   Code   RO          197    i.Usart1_Init       usart1.o
    0x0800544c   0x0800544c   0x000000d0   Code   RO          227    i.Usart2DMA_init    usart2.o
    0x0800551c   0x0800551c   0x000000d0   Code   RO          228    i.Usart2_IDELInit   usart2.o
    0x080055ec   0x080055ec   0x000000c0   Code   RO          229    i.Usart2_Init       usart2.o
    0x080056ac   0x080056ac   0x00000514   Code   RO          404    i.WiFi_Connect_IoTServer  total_wifi.o
    0x08005bc0   0x08005bc0   0x000001bc   Code   RO          405    i.WiFi_Connect_Server  total_wifi.o
    0x08005d7c   0x08005d7c   0x00000114   Code   RO          406    i.WiFi_JoinAP       total_wifi.o
    0x08005e90   0x08005e90   0x000000b0   Code   RO          407    i.WiFi_Reset        total_wifi.o
    0x08005f40   0x08005f40   0x00000034   Code   RO          408    i.WiFi_ResetIO_Init  total_wifi.o
    0x08005f74   0x08005f74   0x00000074   Code   RO          409    i.WiFi_SendCmd      total_wifi.o
    0x08005fe8   0x08005fe8   0x0000006c   Code   RO          410    i.WiFi_Smartconfig  total_wifi.o
    0x08006054   0x08006054   0x00000058   Code   RO          411    i.WiFi_WaitAP       total_wifi.o
    0x080060ac   0x080060ac   0x00000028   Code   RO         2985    i.__ARM_fpclassify  m_ws.l(fpclassify.o)
    0x080060d4   0x080060d4   0x0000000e   Code   RO         2754    i._is_digit         c_w.l(__printf_wp.o)
    0x080060e2   0x080060e2   0x00000002   PAD
    0x080060e4   0x080060e4   0x00000188   Code   RO          852    i.admin_screen      show.o
    0x0800626c   0x0800626c   0x00000080   Code   RO          853    i.alarm_choose      show.o
    0x080062ec   0x080062ec   0x00000448   Code   RO          854    i.beep_screen       show.o
    0x08006734   0x08006734   0x000000fc   Code   RO          855    i.choose_admin      show.o
    0x08006830   0x08006830   0x00000058   Code   RO          856    i.choose_pwr        show.o
    0x08006888   0x08006888   0x00000084   Code   RO          857    i.choose_screen     show.o
    0x0800690c   0x0800690c   0x000001e0   Code   RO          928    i.ctrl_data         ctrl.o
    0x08006aec   0x08006aec   0x000000e4   Code   RO          518    i.data_init         pub_sub_message.o
    0x08006bd0   0x08006bd0   0x000000c0   Code   RO          858    i.data_screen       show.o
    0x08006c90   0x08006c90   0x000000ac   Code   RO          519    i.data_sta          pub_sub_message.o
    0x08006d3c   0x08006d3c   0x00000128   Code   RO            1    i.main              main.o
    0x08006e64   0x08006e64   0x0000005c   Code   RO          859    i.main_screen       show.o
    0x08006ec0   0x08006ec0   0x00000238   Code   RO          522    i.publish_message   pub_sub_message.o
    0x080070f8   0x080070f8   0x000000f8   Code   RO          860    i.pwr_choose_screen  show.o
    0x080071f0   0x080071f0   0x00000098   Code   RO          523    i.sent_data         pub_sub_message.o
    0x08007288   0x08007288   0x0000005c   Code   RO          198    i.u1_printf         usart1.o
    0x080072e4   0x080072e4   0x00000034   Code   RO          230    i.u2_TxData         usart2.o
    0x08007318   0x08007318   0x0000005c   Code   RO          231    i.u2_printf         usart2.o
    0x08007374   0x08007374   0x00000018   Code   RO         2603    i.utils_hb2hex      utils_md5.o
    0x0800738c   0x0800738c   0x000000e8   Code   RO         2570    i.utils_hmac_sha1   utils_hmac.o
    0x08007474   0x08007474   0x000000e8   Code   RO         2671    i.utils_sha1_finish  utils_sha1.o
    0x0800755c   0x0800755c   0x0000000e   Code   RO         2673    i.utils_sha1_init   utils_sha1.o
    0x0800756a   0x0800756a   0x00000002   PAD
    0x0800756c   0x0800756c   0x0000191c   Code   RO         2674    i.utils_sha1_process  utils_sha1.o
    0x08008e88   0x08008e88   0x0000002c   Code   RO         2675    i.utils_sha1_starts  utils_sha1.o
    0x08008eb4   0x08008eb4   0x0000007c   Code   RO         2676    i.utils_sha1_update  utils_sha1.o
    0x08008f30   0x08008f30   0x0000002c   Code   RO         2981    locale$$code        c_w.l(lc_numeric_c.o)
    0x08008f5c   0x08008f5c   0x0000002c   Code   RO         3050    locale$$code        c_w.l(lc_ctype_c.o)
    0x08008f88   0x08008f88   0x00000062   Code   RO         2788    x$fpl$d2f           fz_ws.l(d2f.o)
    0x08008fea   0x08008fea   0x00000002   PAD
    0x08008fec   0x08008fec   0x000002b0   Code   RO         2791    x$fpl$ddiv          fz_ws.l(ddiv.o)
    0x0800929c   0x0800929c   0x0000005e   Code   RO         2794    x$fpl$dfix          fz_ws.l(dfix.o)
    0x080092fa   0x080092fa   0x0000002e   Code   RO         2799    x$fpl$dflt          fz_ws.l(dflt_clz.o)
    0x08009328   0x08009328   0x00000026   Code   RO         2798    x$fpl$dfltu         fz_ws.l(dflt_clz.o)
    0x0800934e   0x0800934e   0x00000002   PAD
    0x08009350   0x08009350   0x00000154   Code   RO         2804    x$fpl$dmul          fz_ws.l(dmul.o)
    0x080094a4   0x080094a4   0x0000009c   Code   RO         2905    x$fpl$dnaninf       fz_ws.l(dnaninf.o)
    0x08009540   0x08009540   0x0000000c   Code   RO         2907    x$fpl$dretinf       fz_ws.l(dretinf.o)
    0x0800954c   0x0800954c   0x00000056   Code   RO         2806    x$fpl$f2d           fz_ws.l(f2d.o)
    0x080095a2   0x080095a2   0x00000002   PAD
    0x080095a4   0x080095a4   0x000000c4   Code   RO         2808    x$fpl$fadd          fz_ws.l(faddsub_clz.o)
    0x08009668   0x08009668   0x00000018   Code   RO         2909    x$fpl$fcmpinf       fz_ws.l(fcmpi.o)
    0x08009680   0x08009680   0x00000036   Code   RO         2814    x$fpl$ffix          fz_ws.l(ffix.o)
    0x080096b6   0x080096b6   0x00000002   PAD
    0x080096b8   0x080096b8   0x0000003e   Code   RO         2818    x$fpl$ffixu         fz_ws.l(ffixu.o)
    0x080096f6   0x080096f6   0x00000002   PAD
    0x080096f8   0x080096f8   0x00000030   Code   RO         2823    x$fpl$fflt          fz_ws.l(fflt_clz.o)
    0x08009728   0x08009728   0x00000026   Code   RO         2822    x$fpl$ffltu         fz_ws.l(fflt_clz.o)
    0x0800974e   0x0800974e   0x00000002   PAD
    0x08009750   0x08009750   0x00000068   Code   RO         2828    x$fpl$fleqf         fz_ws.l(fleqf.o)
    0x080097b8   0x080097b8   0x00000102   Code   RO         2830    x$fpl$fmul          fz_ws.l(fmul.o)
    0x080098ba   0x080098ba   0x0000008c   Code   RO         2911    x$fpl$fnaninf       fz_ws.l(fnaninf.o)
    0x08009946   0x08009946   0x0000000a   Code   RO         2913    x$fpl$fretinf       fz_ws.l(fretinf.o)
    0x08009950   0x08009950   0x00000062   Code   RO         2832    x$fpl$frleqf        fz_ws.l(frleqf.o)
    0x080099b2   0x080099b2   0x00000014   Code   RO         2809    x$fpl$frsb          fz_ws.l(faddsub_clz.o)
    0x080099c6   0x080099c6   0x00000002   PAD
    0x080099c8   0x080099c8   0x000000ea   Code   RO         2810    x$fpl$fsub          fz_ws.l(faddsub_clz.o)
    0x08009ab2   0x08009ab2   0x00000004   Code   RO         2834    x$fpl$printf1       fz_ws.l(printf1.o)
    0x08009ab6   0x08009ab6   0x00000004   Code   RO         2915    x$fpl$printf2       fz_ws.l(printf2.o)
    0x08009aba   0x08009aba   0x00000000   Code   RO         2921    x$fpl$usenofp       fz_ws.l(usenofp.o)
    0x08009aba   0x08009aba   0x00002fed   Data   RO          683    .constdata          oled.o
    0x0800caa7   0x0800caa7   0x00000040   Data   RO         2678    .constdata          utils_sha1.o
    0x0800cae7   0x0800cae7   0x00000011   Data   RO         2762    .constdata          c_w.l(__printf_flags_ss_wp.o)
    0x0800caf8   0x0800caf8   0x00000008   Data   RO         2854    .constdata          c_w.l(_printf_wctomb.o)
    0x0800cb00   0x0800cb00   0x00000028   Data   RO         2883    .constdata          c_w.l(_printf_hex_int_ll_ptr.o)
    0x0800cb28   0x0800cb28   0x00000026   Data   RO         2945    .constdata          c_w.l(_printf_fp_hex.o)
    0x0800cb4e   0x0800cb4e   0x00000002   PAD
    0x0800cb50   0x0800cb50   0x00000094   Data   RO         2954    .constdata          c_w.l(bigflt0.o)
    0x0800cbe4   0x0800cbe4   0x000001fd   Data   RO          525    .conststring        pub_sub_message.o
    0x0800cde1   0x0800cde1   0x00000003   PAD
    0x0800cde4   0x0800cde4   0x00000020   Data   RO         3131    Region$$Table       anon$$obj.o
    0x0800ce04   0x0800ce04   0x0000001c   Data   RO         2980    locale$$data        c_w.l(lc_numeric_c.o)
    0x0800ce20   0x0800ce20   0x00000110   Data   RO         3049    locale$$data        c_w.l(lc_ctype_c.o)


    Execution Region ER_RW (Exec base: 0x20000000, Load base: 0x0800cf30, Size: 0x000000a8, Max: 0xffffffff, ABSOLUTE)

    Exec Addr    Load Addr    Size         Type   Attr      Idx    E Section Name        Object

    0x20000000   0x0800cf30   0x00000004   Data   RW            2    .data               main.o
    0x20000004   0x0800cf34   0x00000009   Data   RW          233    .data               usart2.o
    0x2000000d   0x0800cf3d   0x00000002   Data   RW          301    .data               key.o
    0x2000000f   0x0800cf3f   0x00000001   PAD
    0x20000010   0x0800cf40   0x00000045   Data   RW          413    .data               total_wifi.o
    0x20000055   0x0800cf85   0x00000003   PAD
    0x20000058   0x0800cf88   0x0000000c   Data   RW          526    .data               pub_sub_message.o
    0x20000064   0x0800cf94   0x00000008   Data   RW          609    .data               dht11.o
    0x2000006c   0x0800cf9c   0x0000001a   Data   RW          861    .data               show.o
    0x20000086   0x0800cfb6   0x00000005   Data   RW          929    .data               ctrl.o
    0x2000008b   0x0800cfbb   0x00000001   PAD
    0x2000008c   0x0800cfbc   0x00000008   Data   RW          956    .data               bsp_time2_pwm.o
    0x20000094   0x0800cfc4   0x00000014   Data   RW         1168    .data               stm32f10x_rcc.o


    Execution Region ER_ZI (Exec base: 0x200000a8, Load base: 0x0800cfd8, Size: 0x00003360, Max: 0xffffffff, ABSOLUTE)

    Exec Addr    Load Addr    Size         Type   Attr      Idx    E Section Name        Object

    0x200000a8        -       0x00000100   Zero   RW          199    .bss                usart1.o
    0x200001a8        -       0x00000800   Zero   RW          232    .bss                usart2.o
    0x200009a8        -       0x00001f4c   Zero   RW          412    .bss                total_wifi.o
    0x200028f4        -       0x00000032   Zero   RW          524    .bss                pub_sub_message.o
    0x20002926        -       0x00000480   Zero   RW          682    .bss                oled.o
    0x20002da6   0x0800cfd8   0x00000002   PAD
    0x20002da8        -       0x00000060   Zero   RW         2988    .bss                c_w.l(libspace.o)
    0x20002e08        -       0x00000200   Zero   RW         1031    HEAP                startup_stm32f10x_hd.o
    0x20003008        -       0x00000400   Zero   RW         1030    STACK               startup_stm32f10x_hd.o


==============================================================================

Image component sizes


      Code (inc. data)   RO Data    RW Data    ZI Data      Debug   Object Name

       238         14          0          0          0       1815   adc.o
       332         24          0          8          0       2467   bsp_time2_pwm.o
       572        102          0          5          0       1905   ctrl.o
       326          6          0          0          0       1723   delay.o
       494         38          0          8          0       3775   dht11.o
      2228        288          0          2          0       3829   key.o
        44          6          0          0          0       1723   led.o
       296         48          0          4          0     273107   main.o
       172         22          0          0          0       1977   misc.o
      2174         74      12269          0       1152      13333   oled.o
      1312        514        509         12         50       4359   pub_sub_message.o
      2844        944          0         26          0       6653   show.o
        64         26        304          0       1536        796   startup_stm32f10x_hd.o
       486         24          0          0          0       8374   stm32f10x_adc.o
       182         18          0          0          0       4919   stm32f10x_dma.o
       160         12          0          0          0       1433   stm32f10x_exti.o
       522         10          0          0          0       5536   stm32f10x_gpio.o
        18          0          0          0          0       4010   stm32f10x_it.o
       396         56          0         20          0       6535   stm32f10x_rcc.o
       928        116          0          0          0       6002   stm32f10x_tim.o
       590         28          0          0          0       6058   stm32f10x_usart.o
         0          0          0          0          0         32   sys.o
       328         28          0          0          0       1881   system_stm32f10x.o
       356         30          0          0          0       1733   timer3_ping.o
      5716       2312          0         69       8012      14124   total_wifi.o
       220         18          0          0        256       2470   usart1.o
      1036         94          0          9       2048       5219   usart2.o
       232          0          0          0          0       1526   utils_hmac.o
        24          0          0          0          0        519   utils_md5.o
      6842         40         64          0          0       5775   utils_sha1.o

    ----------------------------------------------------------------------
     29166       4892      13181        168      13056     393608   Object Totals
         0          0         32          0          0          0   (incl. Generated)
        34          0          3          5          2          0   (incl. Padding)

    ----------------------------------------------------------------------

      Code (inc. data)   RO Data    RW Data    ZI Data      Debug   Library Member Name

        44          6          0          0          0         84   __2sprintf.o
         8          0          0          0          0         68   __main.o
       392          4         17          0          0         92   __printf_flags_ss_wp.o
        14          0          0          0          0         68   __printf_wp.o
         0          0          0          0          0          0   __rtentry.o
        12          0          0          0          0          0   __rtentry2.o
         6          0          0          0          0          0   __rtentry4.o
        52          8          0          0          0          0   __scatter.o
        26          0          0          0          0          0   __scatter_copy.o
        28          0          0          0          0          0   __scatter_zi.o
         6          0          0          0          0          0   _printf_a.o
         6          0          0          0          0          0   _printf_c.o
        44          0          0          0          0        108   _printf_char.o
        48          6          0          0          0         96   _printf_char_common.o
        40          0          0          0          0         68   _printf_charcount.o
         6          0          0          0          0          0   _printf_d.o
       120         16          0          0          0         92   _printf_dec.o
         6          0          0          0          0          0   _printf_e.o
         6          0          0          0          0          0   _printf_f.o
      1054          0          0          0          0        216   _printf_fp_dec.o
       764          8         38          0          0        100   _printf_fp_hex.o
       128         16          0          0          0         84   _printf_fp_infnan.o
         6          0          0          0          0          0   _printf_g.o
       148          4         40          0          0        160   _printf_hex_int_ll_ptr.o
         6          0          0          0          0          0   _printf_i.o
       178          0          0          0          0         88   _printf_intcommon.o
        10          0          0          0          0          0   _printf_l.o
         6          0          0          0          0          0   _printf_lc.o
        10          0          0          0          0          0   _printf_ll.o
         6          0          0          0          0          0   _printf_lld.o
         6          0          0          0          0          0   _printf_lli.o
         6          0          0          0          0          0   _printf_llo.o
         6          0          0          0          0          0   _printf_llu.o
         6          0          0          0          0          0   _printf_llx.o
       124         16          0          0          0         92   _printf_longlong_dec.o
         6          0          0          0          0          0   _printf_ls.o
         6          0          0          0          0          0   _printf_n.o
         6          0          0          0          0          0   _printf_o.o
       112         10          0          0          0        124   _printf_oct_int_ll.o
         6          0          0          0          0          0   _printf_p.o
        78          0          0          0          0        108   _printf_pad.o
         0          0          0          0          0          0   _printf_percent.o
         4          0          0          0          0          0   _printf_percent_end.o
         6          0          0          0          0          0   _printf_s.o
        82          0          0          0          0         80   _printf_str.o
        36          0          0          0          0         84   _printf_truncate.o
         6          0          0          0          0          0   _printf_u.o
        44          0          0          0          0        108   _printf_wchar.o
       188          6          8          0          0         92   _printf_wctomb.o
         6          0          0          0          0          0   _printf_x.o
        10          0          0          0          0         68   _sputc.o
        64          0          0          0          0         92   _wcrtomb.o
       228          4        148          0          0         96   bigflt0.o
      1936        128          0          0          0        672   btod.o
        18          0          0          0          0         80   exit.o
         6          0          0          0          0        152   heapauxi.o
         0          0          0          0          0          0   indicate_semi.o
        44         10        272          0          0         76   lc_ctype_c.o
        44         10         28          0          0         76   lc_numeric_c.o
         2          0          0          0          0          0   libinit.o
        30          0          0          0          0          0   libinit2.o
         2          0          0          0          0          0   libshutdown.o
         2          0          0          0          0          0   libshutdown2.o
         8          4          0          0         96         68   libspace.o
       138          0          0          0          0         80   lludiv10.o
        16          4          0          0          0         76   rt_ctype_table.o
         8          4          0          0          0         68   rt_locale_intlibspace.o
        68          0          0          0          0         68   rt_memclr.o
        78          0          0          0          0         80   rt_memclr_w.o
       138          0          0          0          0         68   rt_memcpy_v6.o
       100          0          0          0          0         80   rt_memcpy_w.o
         2          0          0          0          0          0   rtexit.o
        10          0          0          0          0          0   rtexit2.o
       128          0          0          0          0         68   strcmpv7m.o
        62          0          0          0          0         76   strlen.o
        36          0          0          0          0         80   strstr.o
        12          4          0          0          0         68   sys_exit.o
        74          0          0          0          0         80   sys_stackheap_outer.o
         2          0          0          0          0         68   use_no_semi.o
        36          4          0          0          0         76   vsprintf.o
        98          4          0          0          0         92   d2f.o
       688        140          0          0          0        208   ddiv.o
        94          4          0          0          0         92   dfix.o
        84          0          0          0          0        136   dflt_clz.o
       340         12          0          0          0        104   dmul.o
       156          4          0          0          0         92   dnaninf.o
        12          0          0          0          0         68   dretinf.o
        86          4          0          0          0         84   f2d.o
       450          8          0          0          0        236   faddsub_clz.o
        24          0          0          0          0         68   fcmpi.o
        54          4          0          0          0         84   ffix.o
        62          4          0          0          0         84   ffixu.o
        86          0          0          0          0        136   fflt_clz.o
       104          4          0          0          0         84   fleqf.o
       258          4          0          0          0         84   fmul.o
       140          4          0          0          0         84   fnaninf.o
        10          0          0          0          0         68   fretinf.o
        98          0          0          0          0         68   frleqf.o
         4          0          0          0          0         68   printf1.o
         4          0          0          0          0         68   printf2.o
         0          0          0          0          0          0   usenofp.o
        40          0          0          0          0         68   fpclassify.o

    ----------------------------------------------------------------------
     10140        468        553          0         96       6504   Library Totals
        32          0          2          0          0          0   (incl. Padding)

    ----------------------------------------------------------------------

      Code (inc. data)   RO Data    RW Data    ZI Data      Debug   Library Name

      7216        272        551          0         96       4428   c_w.l
      2852        196          0          0          0       2008   fz_ws.l
        40          0          0          0          0         68   m_ws.l

    ----------------------------------------------------------------------
     10140        468        553          0         96       6504   Library Totals

    ----------------------------------------------------------------------

==============================================================================


      Code (inc. data)   RO Data    RW Data    ZI Data      Debug   

     39306       5360      13734        168      13152     388252   Grand Totals
     39306       5360      13734        168      13152     388252   ELF Image Totals
     39306       5360      13734        168          0          0   ROM Totals

==============================================================================

    Total RO  Size (Code + RO Data)                53040 (  51.80kB)
    Total RW  Size (RW Data + ZI Data)             13320 (  13.01kB)
    Total ROM Size (Code + RO Data + RW Data)      53208 (  51.96kB)

==============================================================================

